09-08 00:52:04.249 30966 31528 D FrpBattExploit: === FRP Service (Factory Reset Protection) Deep Probe ===
09-08 00:52:04.265 30966 31528 D FrpBattExploit: [INTERFACE] com.google.android.gms.auth.frp.IFrpService
09-08 00:52:04.265 30966 31528 D FrpBattExploit: [FRP-TX1-empty] reply size=8
09-08 00:52:04.265 30966 31528 D FrpBattExploit:   hex: 00000000 00000000 
09-08 00:52:04.265 30966 31528 D FrpBattExploit:   txt: ........
09-08 00:52:04.265 30966 31528 D FrpBattExploit:   exCode=0
09-08 00:52:04.265 30966 31528 D FrpBattExploit:   int1=0
09-08 00:52:04.266 30966 31528 D FrpBattExploit: [FRP-TX1-acct] reply size=8
09-08 00:52:04.266 30966 31528 D FrpBattExploit:   hex: 00000000 00000000 
09-08 00:52:04.266 30966 31528 D FrpBattExploit:   txt: ........
09-08 00:52:04.266 30966 31528 D FrpBattExploit:   exCode=0
09-08 00:52:04.266 30966 31528 D FrpBattExploit:   int1=0
09-08 00:52:04.266 30966 31528 D FrpBattExploit: [FRP-TX1-int0] reply size=8
09-08 00:52:04.266 30966 31528 D FrpBattExploit:   hex: 00000000 00000000 
09-08 00:52:04.266 30966 31528 D FrpBattExploit:   txt: ........
09-08 00:52:04.266 30966 31528 D FrpBattExploit:   exCode=0
09-08 00:52:04.266 30966 31528 D FrpBattExploit:   int1=0
09-08 00:52:04.266 30966 31528 D FrpBattExploit: [FRP-TX2-empty] reply size=8
09-08 00:52:04.267 30966 31528 D FrpBattExploit:   hex: 00010000 00000000 
09-08 00:52:04.267 30966 31528 D FrpBattExploit:   txt: ........
09-08 00:52:04.267 30966 31528 D FrpBattExploit:   exCode=0
09-08 00:52:04.267 30966 31528 D FrpBattExploit:   int1=1
09-08 00:52:04.267 30966 31528 D FrpBattExploit: [FRP-TX2-acct] reply size=8
09-08 00:52:04.267 30966 31528 D FrpBattExploit:   hex: 00010000 00000000 
09-08 00:52:04.267 30966 31528 D FrpBattExploit:   txt: ........
09-08 00:52:04.267 30966 31528 D FrpBattExploit:   exCode=0
09-08 00:52:04.267 30966 31528 D FrpBattExploit:   int1=1
09-08 00:52:04.267 30966 31528 D FrpBattExploit: [FRP-TX2-int0] reply size=8
09-08 00:52:04.267 30966 31528 D FrpBattExploit:   hex: 00010000 00000000 
09-08 00:52:04.267 30966 31528 D FrpBattExploit:   txt: ........
09-08 00:52:04.267 30966 31528 D FrpBattExploit:   exCode=0
09-08 00:52:04.267 30966 31528 D FrpBattExploit:   int1=1
09-08 00:52:04.267 30966 31528 D FrpBattExploit: [FRP-TX3-empty] reply size=32
09-08 00:52:04.267 30966 31528 D FrpBattExploit:   hex: 00014510 01010201 00000000 00000000 00000000 00000000 00000000 00000000 
09-08 00:52:04.267 30966 31528 D FrpBattExploit:   txt: ..E.............................
09-08 00:52:04.267 30966 31528 D FrpBattExploit:   exCode=0
09-08 00:52:04.267 30966 31528 D FrpBattExploit:   int1=1
09-08 00:52:04.267 30966 31528 D FrpBattExploit:   int2=-45243
09-08 00:52:04.268 30966 31528 D FrpBattExploit: [FRP-TX3-int0] reply size=32
09-08 00:52:04.268 30966 31528 D FrpBattExploit:   hex: 00014510 01010201 00000000 00000000 00000000 00000000 00000000 00000000 
09-08 00:52:04.268 30966 31528 D FrpBattExploit:   txt: ..E.............................
09-08 00:52:04.268 30966 31528 D FrpBattExploit:   exCode=0
09-08 00:52:04.268 30966 31528 D FrpBattExploit:   int1=1
09-08 00:52:04.268 30966 31528 D FrpBattExploit:   int2=-45243
09-08 00:52:04.268 30966 31528 D FrpBattExploit: [FRP-TX5-empty] reply size=56
09-08 00:52:04.268 30966 31528 D FrpBattExploit:   hex: 00014528 01010201 03000400 06000000 00000000 00000000 00000000 00000000 00000000 00000000 00000000 00000000 00000000 00000000 
09-08 00:52:04.268 30966 31528 D FrpBattExploit:   txt: ..E(....................................................
09-08 00:52:04.268 30966 31528 D FrpBattExploit:   exCode=0
09-08 00:52:04.268 30966 31528 D FrpBattExploit:   int1=1
09-08 00:52:04.268 30966 31528 D FrpBattExploit:   int2=-45243
09-08 00:52:04.269 30966 31528 D FrpBattExploit: [FRP-TX5-acct] reply size=56
09-08 00:52:04.269 30966 31528 D FrpBattExploit:   hex: 00014528 01010201 03000400 06000000 00000000 00000000 00000000 00000000 00000000 00000000 00000000 00000000 00000000 00000000 
09-08 00:52:04.269 30966 31528 D FrpBattExploit:   txt: ..E(....................................................
09-08 00:52:04.269 30966 31528 D FrpBattExploit:   exCode=0
09-08 00:52:04.269 30966 31528 D FrpBattExploit:   int1=1
09-08 00:52:04.269 30966 31528 D FrpBattExploit:   int2=-45243
09-08 00:52:04.269 30966 31528 D FrpBattExploit: [FRP-TX5-int0] reply size=56
09-08 00:52:04.269 30966 31528 D FrpBattExploit:   hex: 00014528 01010201 03000400 06000000 00000000 00000000 00000000 00000000 00000000 00000000 00000000 00000000 00000000 00000000 
09-08 00:52:04.269 30966 31528 D FrpBattExploit:   txt: ..E(....................................................
09-08 00:52:04.269 30966 31528 D FrpBattExploit:   exCode=0
09-08 00:52:04.269 30966 31528 D FrpBattExploit:   int1=1
09-08 00:52:04.269 30966 31528 D FrpBattExploit:   int2=-45243
09-08 00:52:04.271 30966 31528 D FrpBattExploit: === GoogleBatteryService Deep Probe ===
09-08 00:52:04.294 30966 31528 D FrpBattExploit: [INTERFACE] com.google.android.turboadapter.IGoogleBatteryService
09-08 00:52:04.294 30966 31528 D FrpBattExploit: [BATT-TX1] reply size=8
09-08 00:52:04.294 30966 31528 D FrpBattExploit:   hex: 00000000 00000000 
09-08 00:52:04.294 30966 31528 D FrpBattExploit:   txt: ........
09-08 00:52:04.294 30966 31528 D FrpBattExploit:   exCode=0
09-08 00:52:04.294 30966 31528 D FrpBattExploit:   int1=0
09-08 00:52:04.294 30966 31528 D FrpBattExploit: [BATT-TX2] reply size=4
09-08 00:52:04.294 30966 31528 D FrpBattExploit:   hex: 00000000 
09-08 00:52:04.294 30966 31528 D FrpBattExploit:   txt: ....
09-08 00:52:04.294 30966 31528 D FrpBattExploit:   exCode=0
09-08 00:52:04.294 30966 31528 D FrpBattExploit: [BATT-TX3] reply size=8
09-08 00:52:04.294 30966 31528 D FrpBattExploit:   hex: 00000000 00000000 
09-08 00:52:04.294 30966 31528 D FrpBattExploit:   txt: ........
09-08 00:52:04.294 30966 31528 D FrpBattExploit:   exCode=0
09-08 00:52:04.294 30966 31528 D FrpBattExploit:   int1=0
09-08 00:52:04.294 30966 31528 D FrpBattExploit: [BATT-TX4] reply size=12
09-08 00:52:04.294 30966 31528 D FrpBattExploit:   hex: 00013700 00000000 00000000 
09-08 00:52:04.294 30966 31528 D FrpBattExploit:   txt: ..7.........
09-08 00:52:04.294 30966 31528 D FrpBattExploit:   exCode=0
09-08 00:52:04.294 30966 31528 D FrpBattExploit:   int1=1
09-08 00:52:04.294 30966 31528 D FrpBattExploit:   int2=55
09-08 00:52:04.295 30966 31528 D FrpBattExploit: [BATT-TX5] reply size=8
09-08 00:52:04.295 30966 31528 D FrpBattExploit:   hex: 00000000 00000000 
09-08 00:52:04.295 30966 31528 D FrpBattExploit:   txt: ........
09-08 00:52:04.295 30966 31528 D FrpBattExploit:   exCode=0
09-08 00:52:04.295 30966 31528 D FrpBattExploit:   int1=0
09-08 00:52:04.295 30966 31528 D FrpBattExploit: [BATT-TX6] reply size=4
09-08 00:52:04.295 30966 31528 D FrpBattExploit:   hex: 00000000 
09-08 00:52:04.295 30966 31528 D FrpBattExploit:   txt: ....
09-08 00:52:04.295 30966 31528 D FrpBattExploit:   exCode=0
09-08 00:52:04.295 30966 31528 D FrpBattExploit: [BATT-TX7] reply size=8
09-08 00:52:04.295 30966 31528 D FrpBattExploit:   hex: 00000000 00000000 
09-08 00:52:04.295 30966 31528 D FrpBattExploit:   txt: ........
09-08 00:52:04.295 30966 31528 D FrpBattExploit:   exCode=0
09-08 00:52:04.295 30966 31528 D FrpBattExploit:   int1=0
09-08 00:52:04.295 30966 31528 D FrpBattExploit: [BATT-TX8] reply size=8
09-08 00:52:04.295 30966 31528 D FrpBattExploit:   hex: 00ff0000 00000000 
09-08 00:52:04.295 30966 31528 D FrpBattExploit:   txt: ........
09-08 00:52:04.295 30966 31528 D FrpBattExploit:   exCode=0
09-08 00:52:04.295 30966 31528 D FrpBattExploit:   int1=-1
09-08 00:52:04.295 30966 31528 D FrpBattExploit: [BATT-TX9] reply size=8
09-08 00:52:04.295 30966 31528 D FrpBattExploit:   hex: 00ff0000 00000000 
09-08 00:52:04.295 30966 31528 D FrpBattExploit:   txt: ........
09-08 00:52:04.295 30966 31528 D FrpBattExploit:   exCode=0
09-08 00:52:04.295 30966 31528 D FrpBattExploit:   int1=-1
09-08 00:52:04.296 30966 31528 D FrpBattExploit: === Auth GetToken — Fixed Parcel Format ===
09-08 00:52:04.318 30966 31528 D FrpBattExploit: [INTERFACE] com.google.android.auth.IAuthManagerService
09-08 00:52:04.318 30966 31528 D FrpBattExploit: [AUTH-F1-SID] reply size=104
09-08 00:52:04.318 30966 31528 D FrpBattExploit:   hex: fb2d426e 6c206567 6869206f 206c6765 20793420 32393438 38000000 00000000 00000000 00000000 00000000 00000000 00000000 00000000 00000000 00000000 00000000 00000000 00000000 00000000 00000000 00000000 00000000 00000000 00000000 00000000 
09-08 00:52:04.318 30966 31528 D FrpBattExploit:   txt: .-Bnl eghi o lge y4 29488...............................................................................
09-08 00:52:04.318 30966 31528 D FrpBattExploit:   exCode=-5
09-08 00:52:04.319 30966 31528 D FrpBattExploit: [AUTH-F2-SID] reply size=264
09-08 00:52:04.319 30966 31528 D FrpBattExploit:   hex: fc7c4174 6d747420 6e6f6576 72756c6d 746f206a 762e6167 53726e20 6e72692e 73426e6c 2e655372 6e286161 6c6e2e74 6967276f 2020756c 6f6a6320 65656563 00000000 00000000 00000000 00000000 00000000 00000000 00000000 00000000 00000000 00000000 00000000 00000000 00000000 00000000 00000000 00000000 00000000 00000000 00000000 00000000 00000000 00000000 00000000 00000000 00000000 00000000 00000000 00000000 00000000 00000000 00000000 00000000 00000000 00000000 
09-08 00:52:04.319 30966 31528 D FrpBattExploit:   txt: .|Atmtt noevrulmto jv.agSrn nri.sBnl.eSrn(aaln.tig'o  ulojc eeec........................................................................................................................................
09-08 00:52:04.319 30966 31528 D FrpBattExploit:   exCode=-4
09-08 00:52:04.319 30966 31528 D FrpBattExploit: [AUTH-F1-LSID] reply size=104
09-08 00:52:04.319 30966 31528 D FrpBattExploit:   hex: fb2d426e 6c206567 6869206f 206c6765 20793420 32393438 38000000 00000000 00000000 00000000 00000000 00000000 00000000 00000000 00000000 00000000 00000000 00000000 00000000 00000000 00000000 00000000 00000000 00000000 00000000 00000000 
09-08 00:52:04.319 30966 31528 D FrpBattExploit:   txt: .-Bnl eghi o lge y4 29488...............................................................................
09-08 00:52:04.319 30966 31528 D FrpBattExploit:   exCode=-5
09-08 00:52:04.320 30966 31528 D FrpBattExploit: [AUTH-F2-LSID] reply size=264
09-08 00:52:04.321 30966 31528 D FrpBattExploit:   hex: fc7c4174 6d747420 6e6f6576 72756c6d 746f206a 762e6167 53726e20 6e72692e 73426e6c 2e655372 6e286161 6c6e2e74 6967276f 2020756c 6f6a6320 65656563 00000000 00000000 00000000 00000000 00000000 00000000 00000000 00000000 00000000 00000000 00000000 00000000 00000000 00000000 00000000 00000000 00000000 00000000 00000000 00000000 00000000 00000000 00000000 00000000 00000000 00000000 00000000 00000000 00000000 00000000 00000000 00000000 00000000 00000000 
09-08 00:52:04.321 30966 31528 D FrpBattExploit:   txt: .|Atmtt noevrulmto jv.agSrn nri.sBnl.eSrn(aaln.tig'o  ulojc eeec........................................................................................................................................
09-08 00:52:04.321 30966 31528 D FrpBattExploit:   exCode=-4
09-08 00:52:04.321 30966 31528 D FrpBattExploit: [AUTH-F1-oauth2:email] reply size=104
09-08 00:52:04.321 30966 31528 D FrpBattExploit:   hex: fb2d426e 6c206567 6869206f 206c6765 20793420 32393438 38000000 00000000 00000000 00000000 00000000 00000000 00000000 00000000 00000000 00000000 00000000 00000000 00000000 00000000 00000000 00000000 00000000 00000000 00000000 00000000 
09-08 00:52:04.321 30966 31528 D FrpBattExploit:   txt: .-Bnl eghi o lge y4 29488...............................................................................
09-08 00:52:04.321 30966 31528 D FrpBattExploit:   exCode=-5
09-08 00:52:04.322 30966 31528 D FrpBattExploit: [AUTH-F2-oauth2:email] reply size=264
09-08 00:52:04.323 30966 31528 D FrpBattExploit:   hex: fc7c4174 6d747420 6e6f6576 72756c6d 746f206a 762e6167 53726e20 6e72692e 73426e6c 2e655372 6e286161 6c6e2e74 6967276f 2020756c 6f6a6320 65656563 00000000 00000000 00000000 00000000 00000000 00000000 00000000 00000000 00000000 00000000 00000000 00000000 00000000 00000000 00000000 00000000 00000000 00000000 00000000 00000000 00000000 00000000 00000000 00000000 00000000 00000000 00000000 00000000 00000000 00000000 00000000 00000000 00000000 00000000 
09-08 00:52:04.323 30966 31528 D FrpBattExploit:   txt: .|Atmtt noevrulmto jv.agSrn nri.sBnl.eSrn(aaln.tig'o  ulojc eeec........................................................................................................................................
09-08 00:52:04.323 30966 31528 D FrpBattExploit:   exCode=-4
09-08 00:52:04.323 30966 31528 D FrpBattExploit: [AUTH-F1-oauth2:profile] reply size=104
09-08 00:52:04.323 30966 31528 D FrpBattExploit:   hex: fb2d426e 6c206567 6869206f 206c6765 20793420 32393438 38000000 00000000 00000000 00000000 00000000 00000000 00000000 00000000 00000000 00000000 00000000 00000000 00000000 00000000 00000000 00000000 00000000 00000000 00000000 00000000 
09-08 00:52:04.323 30966 31528 D FrpBattExploit:   txt: .-Bnl eghi o lge y4 29488...............................................................................
09-08 00:52:04.323 30966 31528 D FrpBattExploit:   exCode=-5
09-08 00:52:04.324 30966 31528 D FrpBattExploit: [AUTH-F2-oauth2:profile] reply size=264
09-08 00:52:04.324 30966 31528 D FrpBattExploit:   hex: fc7c4174 6d747420 6e6f6576 72756c6d 746f206a 762e6167 53726e20 6e72692e 73426e6c 2e655372 6e286161 6c6e2e74 6967276f 2020756c 6f6a6320 65656563 00000000 00000000 00000000 00000000 00000000 00000000 00000000 00000000 00000000 00000000 00000000 00000000 00000000 00000000 00000000 00000000 00000000 00000000 00000000 00000000 00000000 00000000 00000000 00000000 00000000 00000000 00000000 00000000 00000000 00000000 00000000 00000000 00000000 00000000 
09-08 00:52:04.324 30966 31528 D FrpBattExploit:   txt: .|Atmtt noevrulmto jv.agSrn nri.sBnl.eSrn(aaln.tig'o  ulojc eeec........................................................................................................................................
09-08 00:52:04.324 30966 31528 D FrpBattExploit:   exCode=-4
09-08 00:52:04.325 30966 31528 D FrpBattExploit: [AUTH-TX2] reply size=64
09-08 00:52:04.325 30966 31528 D FrpBattExploit:   hex: 00012c42 010d626f 656e6575 74090100 00000000 00000000 00000000 00000000 00000000 00000000 00000000 00000000 00000000 00000000 00000000 00000000 
09-08 00:52:04.325 30966 31528 D FrpBattExploit:   txt: ..,B..boeneut...................................................
09-08 00:52:04.325 30966 31528 D FrpBattExploit:   exCode=0
09-08 00:52:04.325 30966 31528 D FrpBattExploit:   int1=1
09-08 00:52:04.325 30966 31528 D FrpBattExploit:   int2=44
09-08 00:52:04.325 30966 31528 D FrpBattExploit: [AUTH-TX5] reply size=80
09-08 00:52:04.325 30966 31528 D FrpBattExploit:   hex: fe207465 6e6d2075 746e7462 206d743a 6e6c0000 00000000 00000000 00000000 00000000 00000000 00000000 00000000 00000000 00000000 00000000 00000000 00000000 00000000 00000000 00000000 
09-08 00:52:04.325 30966 31528 D FrpBattExploit:   txt: . tenm utntb mt:nl..............................................................
09-08 00:52:04.325 30966 31528 D FrpBattExploit:   exCode=-2
09-08 00:52:04.325 30966 31528 D FrpBattExploit: === ALL TESTS COMPLETE ===
