--------- beginning of main
09-12 00:11:53.152 11426 11426 I misc_writer: [libfstab] Using Android DT directory /proc/device-tree/firmware/android/
09-12 00:11:53.180   867 10138 I vendor.qti.bluetooth@1.0-ibs_handler: ProcessIbsCmd: Received IBS_SLEEP_IND: 0xFE
09-12 00:11:53.223   867 10138 I vendor.qti.bluetooth@1.0-ibs_handler: ProcessIbsCmd: Received IBS_WAKE_IND: 0xFD
09-12 00:11:53.223   867 10138 I vendor.qti.bluetooth@1.0-ibs_handler: ProcessIbsCmd: Writing IBS_WAKE_ACK
09-12 00:11:53.228  9670 10732 I MdiSyncModule: (REDACTED) Receiving API connection from package '%s'...
09-12 00:11:53.237 11328 11328 D nativeloader: Load libframework-connectivity-tiramisu-jni.so using APEX ns com_android_tethering for caller /apex/com.android.tethering/javalib/framework-connectivity-t.jar: ok
09-12 00:11:53.239 11328 11328 D AndroidRuntime: Calling main entry com.android.commands.content.Content
09-12 00:11:53.265   867 10138 I vendor.qti.bluetooth@1.0-ibs_handler: ProcessIbsCmd: Received IBS_SLEEP_IND: 0xFE
09-12 00:11:53.267 11328 11328 I AconfigPackage: com.android.os.statsd.flags is mapped to com.android.os.statsd
09-12 00:11:53.272 11328 11328 I AconfigPackage: com.android.uprobestats.flags is mapped to com.android.uprobestats
09-12 00:11:53.272 11328 11328 I AconfigPackage: android.uprobestats.mainline.flags is mapped to com.android.uprobestats
09-12 00:11:53.276 11328 11328 I AconfigPackage: com.android.media.extractor.flags is mapped to com.android.media
09-12 00:11:53.276 11328 11328 I AconfigPackage: com.android.media.metrics.flags is mapped to com.android.media
09-12 00:11:53.276 11328 11328 I AconfigPackage: com.android.media.mainline.flags is mapped to com.android.media
09-12 00:11:53.280 11328 11328 I AconfigPackage: com.android.adservices.flags is mapped to com.android.adservices
09-12 00:11:53.281 11328 11328 I AconfigPackage: com.android.sdksandbox.flags is mapped to com.android.adservices
09-12 00:11:53.281 11328 11328 I AconfigPackage: android.app.sdksandbox.flags is mapped to com.android.adservices
09-12 00:11:53.281  1248  1248 I adbd    : adbd service requested 'shell,v2,TERM=xterm-256color,raw:am start -n com.poc.healthprobe/.ModeManagerCrash --ei phase 1'
09-12 00:11:53.288 11328 11328 I AconfigPackage: com.android.npumanager is mapped to com.android.npumanager
09-12 00:11:53.293 11328 11328 I AconfigPackage: com.android.appsearch.flags is mapped to com.android.appsearch
09-12 00:11:53.301 11328 11328 I AconfigPackage: com.android.crashrecovery.flags is mapped to com.android.crashrecovery
09-12 00:11:53.307 11328 11328 I AconfigPackage: com.android.tethering.mainline.beta is mapped to com.android.tethering
09-12 00:11:53.312 11328 11328 I AconfigPackage: android.net.http is mapped to com.android.tethering
09-12 00:11:53.312 11328 11328 I AconfigPackage: com.android.tethering.readonly.flags is mapped to com.android.tethering
09-12 00:11:53.312 11328 11328 I AconfigPackage: android.net.vcn is mapped to com.android.tethering
09-12 00:11:53.312 11328 11328 I AconfigPackage: com.android.net.flags is mapped to com.android.tethering
09-12 00:11:53.312 11328 11328 I AconfigPackage: com.android.tethering.flags is mapped to com.android.tethering
09-12 00:11:53.312 11328 11328 I AconfigPackage: com.android.tethering.beta.test is mapped to com.android.tethering
09-12 00:11:53.312 11328 11328 I AconfigPackage: com.android.nearby.flags is mapped to com.android.tethering
09-12 00:11:53.312 11328 11328 I AconfigPackage: com.android.net.thread.flags is mapped to com.android.tethering
09-12 00:11:53.313 11328 11328 I AconfigPackage: com.android.net.ct.flags is mapped to com.android.tethering
09-12 00:11:53.317 11328 11328 I AconfigPackage: com.android.nfc.module.flags is mapped to com.android.nfcservices
09-12 00:11:53.317 11328 11328 I AconfigPackage: com.android.nfc.module.nonexported.flags is mapped to com.android.nfcservices
09-12 00:11:53.323 11328 11328 I AconfigPackage: com.android.uwb.flags is mapped to com.android.uwb
09-12 00:11:53.323 11328 11328 I AconfigPackage: com.android.ranging.flags is mapped to com.android.uwb
09-12 00:11:53.331 11328 11328 I AconfigPackage: com.android.rkpd.flags is mapped to com.android.rkpd
09-12 00:11:53.338 11328 11328 I AconfigPackage: com.android.system.virtualmachine.flags is mapped to com.android.virt
09-12 00:11:53.346 11328 11328 I AconfigPackage: com.android.org.conscrypt.flags is mapped to com.android.conscrypt
09-12 00:11:53.346 11328 11328 I AconfigPackage: com.android.org.conscrypt.net.flags is mapped to com.android.conscrypt
09-12 00:11:53.351 11328 11328 I AconfigPackage: android.media.swcodec.flags is mapped to com.android.media.swcodec
09-12 00:11:53.358 11328 11328 I AconfigPackage: com.android.ipsec.flags is mapped to com.android.ipsec
09-12 00:11:53.368  9324 10673 D nativeloader: Load /system/lib/libwear-proxyv1-jni.so using ns default for caller /system/framework/wear-service.jar in same partition (is_bridged=0): ok
09-12 00:11:53.368 11038 11043 W ndroid.calendar: Suspending all threads took: 8.331ms
09-12 00:11:53.370 11328 11328 I AconfigPackage: com.android.cellbroadcastreceiver.flags is mapped to com.android.cellbroadcast
09-12 00:11:53.380 11328 11328 I AconfigPackage: android.telecom.flags is mapped to com.android.telephonycore
09-12 00:11:53.380 11328 11328 I AconfigPackage: com.android.internal.telecom.flags is mapped to com.android.telephonycore
09-12 00:11:53.380 11328 11328 I AconfigPackage: com.android.telephony.flags is mapped to com.android.telephonycore
09-12 00:11:53.390 11328 11328 I AconfigPackage: com.android.devicelock.flags is mapped to com.android.devicelock
09-12 00:11:53.397 11070 11228 I wGMM    : Timer wGMM#OfflineMaps#FirstAutodownloadManagerEvent stopped with status SUCCESS, total 2366 ms
09-12 00:11:53.399 11328 11328 I AconfigPackage: com.android.permission.flags is mapped to com.android.permission
09-12 00:11:53.399 11328 11328 I AconfigPackage: com.android.permissioncontroller.flags is mapped to com.android.permission
09-12 00:11:53.412 11328 11328 I AconfigPackage: com.android.icu is mapped to com.android.i18n
09-12 00:11:53.420 11328 11328 I AconfigPackage: com.android.adservices.ondevicepersonalization.flags is mapped to com.android.ondevicepersonalization
09-12 00:11:53.432 11328 11328 I AconfigPackage: com.android.wifi.flags is mapped to com.android.wifi
09-12 00:11:53.438 10169 10444 I Euicc   : requestEuiccInfo1: cardId = 89043051202200006223007240670994
09-12 00:11:53.440 11328 11328 I AconfigPackage: com.android.webapp.flags is mapped to com.android.webapp
09-12 00:11:53.452 11328 11328 I AconfigPackage: android.os.profiling is mapped to com.android.profiling
09-12 00:11:53.452 11328 11328 I AconfigPackage: android.os.profiling.anomaly.flags is mapped to com.android.profiling
09-12 00:11:53.465 11328 11328 I AconfigPackage: com.android.healthfitness.flags is mapped to com.android.healthfitness
09-12 00:11:53.474  1140  1140 D sysproxyd: OnClientAccepted accepted new client connection.
09-12 00:11:53.474  1140  1140 D sysproxyd: [client] onRead: start with params 6
09-12 00:11:53.478 11328 11328 I AconfigPackage: com.android.art.flags is mapped to com.android.art
09-12 00:11:53.478 11328 11328 I AconfigPackage: com.android.art.rw.flags is mapped to com.android.art
09-12 00:11:53.478 11328 11328 I AconfigPackage: com.android.libcore is mapped to com.android.art
--------- beginning of system
09-12 00:11:53.479  9324  9706 W ActivityTaskManager: callingPackage for (uid=2000, pid=11434) has no WPC
09-12 00:11:53.484  9670 10003 I AlarmManager: setExactAndAllowWhileIdle [name: GCM_HB_ALARM type: 2 triggerAtMillis: 130396213]
09-12 00:11:53.488 11328 11328 I AconfigPackage: android.provider.flags is mapped to com.android.configinfrastructure
09-12 00:11:53.488 11328 11328 I AconfigPackage: com.android.server.deviceconfig is mapped to com.android.configinfrastructure
09-12 00:11:53.495 11328 11328 I AconfigPackage: com.google.android.widevine.flags is mapped to com.google.android.widevine
09-12 00:11:53.502  9670 10003 W WakeLock: GCM_CONN_ALARM counter does not exist
09-12 00:11:53.505 11328 11328 I AconfigPackage: com.android.adbd.flags is mapped to com.android.adbd
09-12 00:11:53.511 11328 11328 I AconfigPackage: android.graphics.pdf.flags is mapped to com.android.mediaprovider
09-12 00:11:53.511 11328 11328 I AconfigPackage: com.android.providers.media.flags is mapped to com.android.mediaprovider
09-12 00:11:53.511 11328 11328 I AconfigPackage: android.graphics.pdf.flags.readonly is mapped to com.android.mediaprovider
09-12 00:11:53.514  9324  9706 D CompatChangeReporter: Compat change id reported: 151861875; UID 10191; state: ENABLED
09-12 00:11:53.520  9324  9706 W AppCompatResourceOverlayPolicy: constructor: Failed to find VirtualDeviceManagerService
09-12 00:11:53.522 11328 11328 I AconfigPackage: com.android.bluetooth.beta.flags is mapped to com.android.bt
09-12 00:11:53.522 11328 11328 I AconfigPackage: com.android.bluetooth.flags is mapped to com.android.bt
09-12 00:11:53.522 11328 11328 E FeatureFlagsImplExport: android.os.flagging.AconfigStorageReadException: ERROR_PACKAGE_NOT_FOUND: package android.xr cannot be found on the device
09-12 00:11:53.525 11439 11439 D sysproxy: parseArgs: proto bytes [080510011800]
09-12 00:11:53.526 11439 11439 D sysproxy: System proxy launched, version=5, expect_header=0.
09-12 00:11:53.531 11439 11439 W libbinder.BackendUnifiedServiceManager: Thread Pool max thread count is 0. Cannot cache binder as linkToDeath cannot be implemented. serviceName: android.system.suspend.ISystemSuspend/default
09-12 00:11:53.532 11439 11439 I sysproxy: [B] Start handshake: 5
09-12 00:11:53.533 11439 11439 D sysproxy: control_server started
09-12 00:11:53.533 11439 11439 D sysproxy: tcp_server listening.
09-12 00:11:53.533 11439 11439 D sysproxy: udp_server listening.
09-12 00:11:53.548  9324  9706 I incfs-mounts: [incfs] Loaded incremental-fs mount info: 17 instances, 34 mount points
09-12 00:11:53.553  9324  9432 D HighBrightnessModeController: onAmbientLuxChange: 6.0450006/25000.0, IsHighLux: false
09-12 00:11:53.568  9324  9706 V GrammaticalInflectionUtils: AttributionSource: android.content.AttributionSource@d6637a32 does not have READ_SYSTEM_GRAMMATICAL_GENDER permission.
09-12 00:11:53.573  9197  9223 D Diag_Lib: diag: Diag_LSM_Init: invoked for pid: 9197 with init_count: 0
09-12 00:11:53.576  9197  9223 D Diag_Lib: diag:failed to connect to diag socket
09-12 00:11:53.582 11183 11338 I LocalSynthesizer: Attempting to load synthesizer for voice: en-us-x-iog-lstm-embedded
09-12 00:11:53.588  9197  9223 D Diag_Lib:  Diag_LSM_Init: Failed to open handle to diag driver, error = 111
09-12 00:11:53.588  9197  9223 I ATS     : vendor/qcom/sw5100-lw4/proprietary-audio/args/acdb/ats/transports/diag/linux/actp/src/actp.c:actp_diag_init:105 Error[1]: Failed to initialize DIAG
09-12 00:11:53.588  9197  9223 E ATS     : vendor/qcom/sw5100-lw4/proprietary-audio/args/acdb/ats/src/ats.c:ats_init:143 Error[1]: Failed to initialize Diag
09-12 00:11:53.588  9197  9223 E ATS     : vendor/qcom/sw5100-lw4/proprietary-audio/args/acdb/ats/src/ats.c:ats_init:263 Error[1]: Failed to initialize ATS
09-12 00:11:53.588  9197  9223 E AGM: API: ats_init_thread: 64 ats_init failed retry 90 err 1
09-12 00:11:53.645 11085 11085 D CompatChangeReporter: Compat change id reported: 418924588; UID 1000; state: ENABLED
09-12 00:11:53.650  9324  9706 D ActivityTaskManager: Temporarily retain top process state for launching app
09-12 00:11:53.721 11038 11044 D nativeloader: Load libstats_jni.so using APEX ns com_android_os_statsd for caller /apex/com.android.os.statsd/javalib/framework-statsd.jar: ok
09-12 00:11:53.776 11183 11338 I ExoPlayerImpl: Init df133a1 [AndroidXMedia3/1.11.0] [eos, Google Pixel Watch 2, Google, 37]
09-12 00:11:53.786 11328 11328 D AndroidRuntime: Shutting down VM
09-12 00:11:53.792 11328 11430 W libbinder.IPCThreadState: call to talkWithDriver in joinThreadPool returned error: -9 (Bad file descriptor), FD: -1
09-12 00:11:53.793 11328 11431 W libbinder.IPCThreadState: call to talkWithDriver in joinThreadPool returned error: -9 (Bad file descriptor), FD: -1
09-12 00:11:53.799 11183 11190 D nativeloader: Load libstats_jni.so using APEX ns com_android_os_statsd for caller /apex/com.android.os.statsd/javalib/framework-statsd.jar: ok
09-12 00:11:53.812  9670 11019 I SQLiteConnection: Long db operation: /data/user/0/com.google.android.gms/databases/node.db
09-12 00:11:53.815  9324  9706 D CorePackageUpdate: onRecentTaskRemoved Removing task: 1364
09-12 00:11:53.815  9324  9706 D CorePackageUpdate: Couldn't find a persistent state for task= 1364
09-12 00:11:53.823  9812  9918 I incfs   : Initial API level of the device: 33
09-12 00:11:53.825  9812  9918 W libc    : Access denied finding property "ro.incremental.enable"
09-12 00:11:53.826  9812  9918 I incfs   : ro.incremental.enable: on
09-12 00:11:53.826  9812  9918 I incfs   : IncFs_Features: v2
09-12 00:11:53.818  9812  9812 W ll.splashscreen: type=1400 audit(0.0:6767): avc:  denied  { read } for  name="u:object_r:incremental_prop:s0" dev="tmpfs" ino=277 scontext=u:r:platform_app:s0:c512,c768 tcontext=u:object_r:incremental_prop:s0 tclass=file permissive=0 app=com.google.android.apps.wearable.systemui
09-12 00:11:53.822  9812  9812 W ll.splashscreen: type=1400 audit(0.0:6768): avc:  denied  { read } for  name="filesystems" dev="proc" ino=4026532056 scontext=u:r:platform_app:s0:c512,c768 tcontext=u:object_r:proc_filesystems:s0 tclass=file permissive=0 app=com.google.android.apps.wearable.systemui
09-12 00:11:53.830  9812  9918 I incfs-mounts: [incfs] Loaded incremental-fs mount info: 17 instances, 34 mount points
09-12 00:11:53.837  9324  9706 V ActivityTaskManager: TaskLaunchParamsModifier: phase=3 task=Task{52ac386 #1372 type=standard A=10191:com.poc.healthprobe} activity=ActivityRecord{128502881 u0 com.poc.healthprobe/.ModeManagerCrash t-1} display-from-task=0 display-id=0 task-display-area-windowing-mode=1 suggested-display-area=DefaultTaskDisplayArea@243664674 inherit-from-task=fullscreen non-freeform-task-display-area display-area=DefaultTaskDisplayArea@243664674 default-portrait freeform-size-mismatch=Rect(54, 54 - 330, 330)
09-12 00:11:53.837  9324 10724 D CompatChangeReporter: Compat change id reported: 309578419; UID 10191; state: ENABLED
09-12 00:11:53.841  9324  9706 I ActivityTaskManager: START u0 {flg=0x10000000 xflg=0x4 cmp=com.poc.healthprobe/.ModeManagerCrash (has extras)} with LAUNCH_MULTIPLE from uid 2000 (com.android.shell) (BAL_ALLOW_PERMISSION) result code=0
09-12 00:11:53.861  9812 10107 E perf_hint: createSessionUsingConfig: PerformanceHint cannot create session. PowerHintSessions are not supported!
09-12 00:11:53.861  9324 10724 D DOS_DisplayControlLock: released: android.os.BinderProxy@b84aa71
09-12 00:11:53.861  9324 10724 I DOS_DisplayControlLock: All released
09-12 00:11:53.900 11183 11338 I LocalSynthesizer: Voice en-us-x-iog-lstm-embedded is not supported by any existing synthesizers.
09-12 00:11:53.901 11183 11338 I ComposerWrapperImpl: Initializing new monolithic pipeline. New voice: en-us-x-iog-lstm-embedded
09-12 00:11:53.902 11183 11338 I PipelineReaderImpl: Initializing monolithic pipeline from disk: /data/user_de/0/com.google.android.tts/files/superpacks/en-us/en-us-x-multi-wear-r7/pipeline.pb
09-12 00:11:53.909 11183 11338 I native  : I0000 00:00:1789152113.908884   11338 android_resource_loader.cc:38] Using Android specific resource loader
09-12 00:11:53.917  9812  9887 V WindowManagerShell: Transition requested (#5): android.os.BinderProxy@120c94e TransitionRequestInfo { type = OPEN, triggerTask = TaskInfo{userId=0 taskId=1372 effectiveUid=10191 displayId=0 isRunning=true baseIntent=Intent { flg=0x10000000 cmp=com.poc.healthprobe/.ModeManagerCrash } baseActivity=ComponentInfo{com.poc.healthprobe/com.poc.healthprobe.ModeManagerCrash} topActivity=ComponentInfo{com.poc.healthprobe/com.poc.healthprobe.ModeManagerCrash} origActivity=null realActivity=ComponentInfo{com.poc.healthprobe/com.poc.healthprobe.ModeManagerCrash} realActivityIsAppLockEnabled=false numActivities=1 lastActiveTime=129796545 supportsMultiWindow=false supportsMultiWindowWithoutConstraints=false resizeMode=1 isResizeable=true minWidth=-1 minHeight=-1 defaultMinSize=220 token=WCT{android.os.BinderProxy@89faa6f} topActivityType=1 pictureInPictureParams=null shouldDockBigOverlays=false launchIntoPipHostTaskId=-1 lastParentTaskIdBeforePip=-1 displayCutoutSafeInsets=Rect(0, 0 - 0, 0) topActivityInfo=ActivityInfo{2c3937c com.poc.healthprobe.ModeManagerCrash} launchCookies=[] positionInParent=Point(0, 0) parentTaskId=-1 isFocused=false isInteractive=false isVisible=false isVisibleRequested=false isTopActivityNoDisplay=false isSleeping=false locusId=null displayAreaFeatureId=1 isTopActivityTransparent=false isActivityStackTransparent=false lastNonFullscreenBounds=Rect(54, 54 - 330, 330) leafTaskBoundsFromOptions= false capturedLink=null capturedLinkTimestamp=0 requestedVisibleTypes=503 topActivityRequestOpenInBrowserEducationTimestamp=0 appCompatTaskInfo=AppCompatTaskInfo { topActivityInSizeCompat=false isLeafTask= true eligibleForLetterboxEducation= false isLetterboxEducationEnabled= false isLetterboxDoubleTapEnabled= false eligibleForUserAspectRatioButton= false topActivityBoundsLetterboxed= false isFromLetterboxDoubleTap= false topActivityLetterboxVerticalPosition= -1 topActivityLetterboxHorizontalPosition= -1 topActivityLetterboxWidth=-1 topActivityLetterboxHeight=-1 topActivityAppBounds=Rect(0, 0 - 384, 384) isUserFullscreenOverrideEnabled=false isSystemFullscreenOverrideEnabled=false hasMinAspectRatioOverride=false topActivityLetterboxBounds=null topNonResizableActivityAspectRatio=-1.0} topActivityMainWindowFrame=null isAppBubble=false}, pipChange = null, remoteTransitionInfo = null, displayChanges = null, requestedLocation = null, userChange = null, windowingLayerChange = null, fullscreenRequestChange = null, flags = 0, debugId = 5 }
09-12 00:11:53.917 11183 11338 I native  : I0000 00:00:1789152113.917465   11338 android_resource_loader.cc:109] Loading resources for en_us_x_embedded_valerian_vocoded_wear/3706053292544940881
09-12 00:11:53.917 11183 11338 I native  : I0000 00:00:1789152113.917881   11338 data_source.cc:95] Opening data source "/data/user_de/0/com.google.android.tts/files/superpacks/en-us/en-us-x-multi-wear-r7/burdock_frame_config.pb" (as: FILE) ...
09-12 00:11:53.922 11183 11338 I native  : I0000 00:00:1789152113.922441   11338 data_source.cc:99] ... Opened data source "/data/user_de/0/com.google.android.tts/files/superpacks/en-us/en-us-x-multi-wear-r7/burdock_frame_config.pb" of size 68
09-12 00:11:53.923 11183 11338 I native  : I0000 00:00:1789152113.923541   11338 android_resource_loader.cc:100] Built resource acoustic_frame_config
09-12 00:11:53.924 11183 11338 I native  : I0000 00:00:1789152113.924059   11338 android_resource_loader.cc:116] Loaded resource:acoustic_frame_config
09-12 00:11:53.924 11183 11338 I native  : I0000 00:00:1789152113.924286   11338 data_source.cc:95] Opening data source "/data/user_de/0/com.google.android.tts/files/superpacks/en-us/en-us-x-multi-wear-r7/affixes_en_us_android.far" (as: FILE) ...
09-12 00:11:53.925 11183 11338 I native  : I0000 00:00:1789152113.925652   11338 data_source.cc:99] ... Opened data source "/data/user_de/0/com.google.android.tts/files/superpacks/en-us/en-us-x-multi-wear-r7/affixes_en_us_android.far" of size 36782
09-12 00:11:53.927  9670 11019 I SQLiteConnection: Long db operation: /data/user/0/com.google.android.gms/databases/node.db
09-12 00:11:53.929  9324  9932 W InputChannel-JNI: Channel already disposed.
09-12 00:11:53.931 11183 11338 I native  : I0000 00:00:1789152113.931079   11338 android_resource_loader.cc:100] Built resource affix_word_splitter_grm
09-12 00:11:53.932  9670 10732 I MdiSyncModule: API connection successful!
09-12 00:11:53.934  9324  9350 V GrammaticalInflectionUtils: AttributionSource: android.content.AttributionSource@d6637a32 does not have READ_SYSTEM_GRAMMATICAL_GENDER permission.
09-12 00:11:53.939  9324  9350 W ActivityManager: Slow operation: 79ms so far, now at startProcess: done creating new process record
09-12 00:11:53.939  9324  9350 W ActivityManager: Slow operation: 79ms so far, now at startProcess: stepping in to startProcess
09-12 00:11:53.942  9324  9350 W ActivityManager: Slow operation: 83ms so far, now at startProcess: done starting proc!
09-12 00:11:53.946  9324  9348 W Looper  : Slow dispatch took 121ms android.ui app=system_server main=false group=TOP_APP h=com.android.server.am.ActivityManagerService$UiHandler c=null m=68
09-12 00:11:53.950 11183 11338 I native  : I0000 00:00:1789152113.950687   11338 android_resource_loader.cc:116] Loaded resource:affix_word_splitter_grm
09-12 00:11:53.955 11183 11338 I native  : I0000 00:00:1789152113.955325   11338 data_source.cc:95] Opening data source "/data/user_de/0/com.google.android.tts/files/superpacks/en-us/en-us-x-multi-wear-r7/affixes_params_en_us.pb" (as: FILE) ...
09-12 00:11:53.956  9192  9192 W Zygote  : Setting SCHED_FIFO for top-app fork
09-12 00:11:53.961 11143 11143 W MissedCallNotificationR: No call created timestamp available
09-12 00:11:53.962 11143 11143 W DialerMissedCallNotificationReceiver: com.google.android.wearable.googledialer.notification.missedcallreceiver.MissedCallNotificationReceiver.onReceive:112 No call created timestamp available
09-12 00:11:53.965 11183 11338 I native  : I0000 00:00:1789152113.965488   11338 data_source.cc:99] ... Opened data source "/data/user_de/0/com.google.android.tts/files/superpacks/en-us/en-us-x-multi-wear-r7/affixes_params_en_us.pb" of size 420
09-12 00:11:53.972  9192  9192 D Zygote  : Forked child process 11452
09-12 00:11:53.974 11183 11338 I native  : I0000 00:00:1789152113.974605   11338 affix_word_splitter_data.cc:33] Ambiguous affix entries for spelling ['s] -- their grammars should disambiguate them.
09-12 00:11:53.974 11183 11338 I native  : I0000 00:00:1789152113.974800   11338 affix_word_splitter_data.cc:33] Ambiguous affix entries for spelling ['s] -- their grammars should disambiguate them.
09-12 00:11:53.974 11183 11338 I native  : I0000 00:00:1789152113.974850   11338 affix_word_splitter_data.cc:33] Ambiguous affix entries for spelling ['s] -- their grammars should disambiguate them.
09-12 00:11:53.974 11183 11338 I native  : I0000 00:00:1789152113.974897   11338 affix_word_splitter_data.cc:33] Ambiguous affix entries for spelling [s] -- their grammars should disambiguate them.
09-12 00:11:53.974 11183 11338 I native  : I0000 00:00:1789152113.974937   11338 affix_word_splitter_data.cc:33] Ambiguous affix entries for spelling [s] -- their grammars should disambiguate them.
09-12 00:11:53.974 11183 11338 I native  : I0000 00:00:1789152113.974968   11338 affix_word_splitter_data.cc:33] Ambiguous affix entries for spelling [s] -- their grammars should disambiguate them.
09-12 00:11:53.975 11183 11338 I native  : I0000 00:00:1789152113.975017   11338 affix_word_splitter_data.cc:33] Ambiguous affix entries for spelling [ed] -- their grammars should disambiguate them.
09-12 00:11:53.975 11183 11338 I native  : I0000 00:00:1789152113.975055   11338 affix_word_splitter_data.cc:33] Ambiguous affix entries for spelling [ed] -- their grammars should disambiguate them.
09-12 00:11:53.975 11183 11338 I native  : I0000 00:00:1789152113.975085   11338 affix_word_splitter_data.cc:33] Ambiguous affix entries for spelling [ed] -- their grammars should disambiguate them.
09-12 00:11:53.975 11183 11338 I native  : I0000 00:00:1789152113.975141   11338 affix_word_splitter_data.cc:89] Loaded affixes in [/data/user_de/0/com.google.android.tts/files/superpacks/en-us/en-us-x-multi-wear-r7/affixes_params_en_us.pb].
09-12 00:11:53.975 11183 11338 I native  : I0000 00:00:1789152113.975260   11338 android_resource_loader.cc:100] Built resource affix_word_splitter
09-12 00:11:53.975 11183 11338 I native  : I0000 00:00:1789152113.975298   11338 android_resource_loader.cc:116] Loaded resource:affix_word_splitter
09-12 00:11:53.975 11183 11338 I native  : I0000 00:00:1789152113.975370   11338 android_resource_loader.cc:100] Built resource audio_manipulation_params
09-12 00:11:53.975 11183 11338 I native  : I0000 00:00:1789152113.975405   11338 android_resource_loader.cc:116] Loaded resource:audio_manipulation_params
09-12 00:11:53.975 11183 11338 I native  : I0000 00:00:1789152113.975459   11338 data_source.cc:95] Opening data source "/data/user_de/0/com.google.android.tts/files/superpacks/en-us/en-us-x-multi-wear-r7/roman_numeral_android.far" (as: FILE) ...
09-12 00:11:53.975  9192  9192 D Zygote  : Reset scheduler to SCHED_OTHER
09-12 00:11:53.978 11183 11338 I native  : I0000 00:00:1789152113.977906   11338 data_source.cc:99] ... Opened data source "/data/user_de/0/com.google.android.tts/files/superpacks/en-us/en-us-x-multi-wear-r7/roman_numeral_android.far" of size 5112
09-12 00:11:53.982 11183 11338 I native  : I0000 00:00:1789152113.982861   11338 android_resource_loader.cc:100] Built resource classify_roman_numerals_grm_fst
09-12 00:11:53.983 11183 11338 I native  : I0000 00:00:1789152113.983022   11338 android_resource_loader.cc:116] Loaded resource:classify_roman_numerals_grm_fst
09-12 00:11:53.983 11183 11338 I native  : I0000 00:00:1789152113.983113   11338 data_source.cc:95] Opening data source "/data/user_de/0/com.google.android.tts/files/superpacks/en-us/en-us-x-multi-wear-r7/en_us_pronounce.far" (as: FILE) ...
09-12 00:11:53.984  9812  9887 V WindowManagerShell: Transition (#5): request handled by WearMixedTransitionHandler
09-12 00:11:53.985 11183 11338 I native  : I0000 00:00:1789152113.985154   11338 data_source.cc:99] ... Opened data source "/data/user_de/0/com.google.android.tts/files/superpacks/en-us/en-us-x-multi-wear-r7/en_us_pronounce.far" of size 5040
09-12 00:11:53.986 11183 11338 I native  : I0000 00:00:1789152113.986801   11338 android_resource_loader.cc:100] Built resource compound_pronounce_grm_fst
09-12 00:11:53.987 11183 11338 I native  : I0000 00:00:1789152113.987195   11338 android_resource_loader.cc:116] Loaded resource:compound_pronounce_grm_fst
09-12 00:11:53.987 11183 11338 I native  : I0000 00:00:1789152113.987674   11338 data_source.cc:95] Opening data source "/data/user_de/0/com.google.android.tts/files/superpacks/en-us/en-us-x-multi-wear-r7/disambiguation_rules_en_us.pb" (as: FILE) ...
09-12 00:11:53.988  9324  9405 I ActivityManager: Start proc 11452:com.poc.healthprobe/u0a191 for next-top-activity {com.poc.healthprobe/com.poc.healthprobe.ModeManagerCrash}
09-12 00:11:53.989 11183 11338 I native  : I0000 00:00:1789152113.989137   11338 data_source.cc:99] ... Opened data source "/data/user_de/0/com.google.android.tts/files/superpacks/en-us/en-us-x-multi-wear-r7/disambiguation_rules_en_us.pb" of size 316920
09-12 00:11:53.992   867 10138 I vendor.qti.bluetooth@1.0-ibs_handler: ProcessIbsCmd: Received IBS_WAKE_IND: 0xFD
09-12 00:11:53.993   867 10138 I vendor.qti.bluetooth@1.0-ibs_handler: ProcessIbsCmd: Writing IBS_WAKE_ACK
09-12 00:11:53.993 11452 11452 I libprocessgroup: Created cgroup /sys/fs/cgroup/apps/uid_10191
09-12 00:11:53.996 11452 11452 I libprocessgroup: Created cgroup /sys/fs/cgroup/apps/uid_10191/pid_11452
09-12 00:11:54.013  9812  9887 D WindowManagerShell: onKeyguardOccludingTaskChanged displayId=0 taskId=1372
09-12 00:11:54.030 11452 11452 I Zygote  : Process 11452 created for com.poc.healthprobe
09-12 00:11:54.031 11452 11452 I poc.healthprobe: Using generational CollectorTypeCMC GC.
09-12 00:11:54.058 11452 11452 D nativeloader: Load libframework-connectivity-tiramisu-jni.so using APEX ns com_android_tethering for caller /apex/com.android.tethering/javalib/framework-connectivity-t.jar: ok
09-12 00:11:54.059   867 10138 I vendor.qti.bluetooth@1.0-ibs_handler: ProcessIbsCmd: Received IBS_SLEEP_IND: 0xFE
09-12 00:11:54.089  9197  9223 D Diag_Lib: diag: Diag_LSM_Init: invoked for pid: 9197 with init_count: 0
09-12 00:11:54.089  9197  9223 D Diag_Lib: diag:failed to connect to diag socket
09-12 00:11:54.089  9197  9223 D Diag_Lib:  Diag_LSM_Init: Failed to open handle to diag driver, error = 111
09-12 00:11:54.089  9197  9223 I ATS     : vendor/qcom/sw5100-lw4/proprietary-audio/args/acdb/ats/transports/diag/linux/actp/src/actp.c:actp_diag_init:105 Error[1]: Failed to initialize DIAG
09-12 00:11:54.089  9197  9223 E ATS     : vendor/qcom/sw5100-lw4/proprietary-audio/args/acdb/ats/src/ats.c:ats_init:143 Error[1]: Failed to initialize Diag
09-12 00:11:54.089  9197  9223 E ATS     : vendor/qcom/sw5100-lw4/proprietary-audio/args/acdb/ats/src/ats.c:ats_init:263 Error[1]: Failed to initialize ATS
09-12 00:11:54.089  9197  9223 E AGM: API: ats_init_thread: 64 ats_init failed retry 91 err 1
09-12 00:11:54.094  9324  9405 W ActivityManager: Slow operation: 156ms so far, now at startProcess: done updating pids map
09-12 00:11:54.111  9324  9945 W ActivityManager: Skipping manifest association check for null package. SourceUid: -1, SourcePkg: null, TargetUid: 10049, TargetPkg: com.google.android.tts
09-12 00:11:54.118  9324  9706 D WindowManager: setClientSurface Surface(name=VRI-Splash Screen com.poc.healthprobe#2880)/@0xef98172 for e68cd37 Splash Screen com.poc.healthprobe
09-12 00:11:54.129  9632  9930 E SysUI   : [RecentTaskLauncherApp]Couldn't resolve any Activity for task TaskInfo{userId=0 taskId=1372 effectiveUid=10191 displayId=0 isRunning=true baseIntent=Intent { flg=0x10000000 cmp=com.poc.healthprobe/.ModeManagerCrash } baseActivity=ComponentInfo{com.poc.healthprobe/com.poc.healthprobe.ModeManagerCrash} topActivity=ComponentInfo{com.poc.healthprobe/com.poc.healthprobe.ModeManagerCrash} origActivity=null realActivity=ComponentInfo{com.poc.healthprobe/com.poc.healthprobe.ModeManagerCrash} realActivityIsAppLockEnabled=false numActivities=1 lastActiveTime=129796545 supportsMultiWindow=false supportsMultiWindowWithoutConstraints=false resizeMode=1 isResizeable=true minWidth=-1 minHeight=-1 defaultMinSize=220 token=WCT{android.os.BinderProxy@423f091} topActivityType=1 pictureInPictureParams=null shouldDockBigOverlays=false launchIntoPipHostTaskId=-1 lastParentTaskIdBeforePip=-1 displayCutoutSafeInsets=Rect(0, 0 - 0, 0) topActivityInfo=ActivityInfo{7bfcbf6 com.poc.healthprobe.ModeManagerCrash} launchCookies=[] positionInParent=Point(0, 0) parentTaskId=-1 isFocused=false isInteractive=true isVisible=false isVisibleRequested=true isTopActivityNoDisplay=false isSleeping=false locusId=null displayAreaFeatureId=1 isTopActivityTransparent=false isActivityStackTransparent=false lastNonFullscreenBounds=Rect(54, 54 - 330, 330) leafTaskBoundsFromOptions= false capturedLink=null capturedLinkTimestamp=0 requestedVisibleTypes=503 topActivityRequestOpenInBrowserEducationTimestamp=0 appCompatTaskInfo=AppCompatTaskInfo { topActivityInSizeCompat=false isLeafTask= true eligibleForLetterboxEducation= false isLetterboxEducationEnabled= false isLetterboxDoubleTapEnabled= false eligibleForUserAspectRatioButton= false topActivityBoundsLetterboxed= false isFromLetterboxDoubleTap= false topActivityLetterboxVerticalPosition= -1 topActivityLetterboxHorizontalPosition= -1 topActivityLetterboxWidth=-1 topActivityLetterboxHeight=-1 topActivityAppBounds=Rect(0, 0 - 384, 384) isUserFullscreenOverrideEnabled=false isSystemFullscreenOverrideEnabled=false hasMinAspectRatioOverride=false topActivityLetterboxBounds=null topNonResizableActivityAspectRatio=-1.0} topActivityMainWindowFrame=null isAppBubble=false}
09-12 00:11:54.133  9324  9706 D CorePackageUpdate: Couldn't find a persistent state for task= 1372
09-12 00:11:54.139  9324  9706 D CompatChangeReporter: Compat change id reported: 324203798; UID 10191; state: ENABLED
09-12 00:11:54.140 11183 11447 D AudioSystem: onNewServiceWithAdapter: media.audio_flinger service obtained 0xe3388060
09-12 00:11:54.142  9632  9930 W SysUI   : [RecentTasksLauncherRepo]getRecentApps matched task with the only Launcher in the package TaskInfo{userId=0 taskId=1372 effectiveUid=10191 displayId=0 isRunning=true baseIntent=Intent { flg=0x10000000 cmp=com.poc.healthprobe/.ModeManagerCrash } baseActivity=ComponentInfo{com.poc.healthprobe/com.poc.healthprobe.ModeManagerCrash} topActivity=ComponentInfo{com.poc.healthprobe/com.poc.healthprobe.ModeManagerCrash} origActivity=null realActivity=ComponentInfo{com.poc.healthprobe/com.poc.healthprobe.ModeManagerCrash} realActivityIsAppLockEnabled=false numActivities=1 lastActiveTime=129796545 supportsMultiWindow=false supportsMultiWindowWithoutConstraints=false resizeMode=1 isResizeable=true minWidth=-1 minHeight=-1 defaultMinSize=220 token=WCT{android.os.BinderProxy@423f091} topActivityType=1 pictureInPictureParams=null shouldDockBigOverlays=false launchIntoPipHostTaskId=-1 lastParentTaskIdBeforePip=-1 displayCutoutSafeInsets=Rect(0, 0 - 0, 0) topActivityInfo=ActivityInfo{7bfcbf6 com.poc.healthprobe.ModeManagerCrash} launchCookies=[] positionInParent=Point(0, 0) parentTaskId=-1 isFocused=false isInteractive=true isVisible=false isVisibleRequested=true isTopActivityNoDisplay=false isSleeping=false locusId=null displayAreaFeatureId=1 isTopActivityTransparent=false isActivityStackTransparent=false lastNonFullscreenBounds=Rect(54, 54 - 330, 330) leafTaskBoundsFromOptions= false capturedLink=null capturedLinkTimestamp=0 requestedVisibleTypes=503 topActivityRequestOpenInBrowserEducationTimestamp=0 appCompatTaskInfo=AppCompatTaskInfo { topActivityInSizeCompat=false isLeafTask= true eligibleForLetterboxEducation= false isLetterboxEducationEnabled= false isLetterboxDoubleTapEnabled= false eligibleForUserAspectRatioButton= false topActivityBoundsLetterboxed= false isFromLetterboxDoubleTap= false topActivityLetterboxVerticalPosition= -1 topActivityLetterboxHorizontalPosition= -1 topActivityLetterboxWidth=-1 topActivityLetterboxHeight=-1 topActivityAppBounds=Rect(0, 0 - 384, 384) isUserFullscreenOverrideEnabled=false isSystemFullscreenOverrideEnabled=false hasMinAspectRatioOverride=false topActivityLetterboxBounds=null topNonResizableActivityAspectRatio=-1.0} topActivityMainWindowFrame=null isAppBubble=false} == ActivityLauncherApp(label=HCProbe, activity=ComponentInfo{com.poc.healthprobe/com.poc.healthprobe.HealthProbe}, launcherIconRequest=AllAppsLauncherIconRequest(packageName=com.poc.healthprobe, activityName=com.poc.healthprobe.HealthProbe, isDefaultApp=false), loadLauncherIcon=ioi@7337f77)
09-12 00:11:54.143  9632  9930 W SysUI   : [RecentTasksLauncherRepo]getRecentApps matched with a Launcher Activity in the task TaskInfo{userId=0 taskId=1370 effectiveUid=10186 displayId=-1 isRunning=false baseIntent=Intent { flg=0x10000000 cmp=com.poc.sysservice/.SysProbe } baseActivity=null topActivity=null origActivity=null realActivity=ComponentInfo{com.poc.sysservice/com.poc.sysservice.SysProbe} realActivityIsAppLockEnabled=false numActivities=0 lastActiveTime=129779420 supportsMultiWindow=false supportsMultiWindowWithoutConstraints=false resizeMode=1 isResizeable=true minWidth=-1 minHeight=-1 defaultMinSize=220 token=WCT{android.os.BinderProxy@ebe79b4} topActivityType=0 pictureInPictureParams=null shouldDockBigOverlays=false launchIntoPipHostTaskId=-1 lastParentTaskIdBeforePip=-1 displayCutoutSafeInsets=Rect(0, 0 - 0, 0) topActivityInfo=null launchCookies=[] positionInParent=Point(0, 0) parentTaskId=-1 isFocused=false isInteractive=false isVisible=false isVisibleRequested=false isTopActivityNoDisplay=false isSleeping=false locusId=null displayAreaFeatureId=1 isTopActivityTransparent=false isActivityStackTransparent=true lastNonFullscreenBounds=Rect(54, 54 - 330, 330) leafTaskBoundsFromOptions= false capturedLink=null capturedLinkTimestamp=0 requestedVisibleTypes=503 topActivityRequestOpenInBrowserEducationTimestamp=0 appCompatTaskInfo=AppCompatTaskInfo { topActivityInSizeCompat=false isLeafTask= true eligibleForLetterboxEducation= false isLetterboxEducationEnabled= false isLetterboxDoubleTapEnabled= false eligibleForUserAspectRatioButton= false topActivityBoundsLetterboxed= false isFromLetterboxDoubleTap= false topActivityLetterboxVerticalPosition= -1 topActivityLetterboxHorizontalPosition= -1 topActivityLetterboxWidth=-1 topActivityLetterboxHeight=-1 topActivityAppBounds=Rect(0, 0 - 0, 0) isUserFullscreenOverrideEnabled=false isSystemFullscreenOverrideEnabled=false hasMinAspectRatioOverride=false topActivityLetterboxBounds=null topNonResizableActivityAspectRatio=-1.0} topActivityMainWindowFrame=null isAppBubble=false} == ActivityLauncherApp(label=SysProbe, activity=ComponentInfo{com.poc.sysservice/com.poc.sysservice.SysProbe}, launcherIconRequest=AllAppsLauncherIconRequest(packageName=com.poc.sysservice, activityName=com.poc.sysservice.SysProbe, isDefaultApp=false), loadLauncherIcon=ioi@566d9dd)
09-12 00:11:54.145  9632  9930 E SysUI   : [RecentTaskLauncherApp]Couldn't resolve any Activity for task TaskInfo{userId=0 taskId=1369 effectiveUid=10194 displayId=-1 isRunning=false baseIntent=Intent { flg=0x10000000 cmp=com.poc.ipcprobe/.SystemBinderProbe } baseActivity=null topActivity=null origActivity=null realActivity=ComponentInfo{com.poc.ipcprobe/com.poc.ipcprobe.SystemBinderProbe} realActivityIsAppLockEnabled=false numActivities=0 lastActiveTime=129779419 supportsMultiWindow=false supportsMultiWindowWithoutConstraints=false resizeMode=1 isResizeable=true minWidth=-1 minHeight=-1 defaultMinSize=220 token=WCT{android.os.BinderProxy@c134b4c} topActivityType=0 pictureInPictureParams=null shouldDockBigOverlays=false launchIntoPipHostTaskId=-1 lastParentTaskIdBeforePip=-1 displayCutoutSafeInsets=Rect(0, 0 - 0, 0) topActivityInfo=null launchCookies=[] positionInParent=Point(0, 0) parentTaskId=-1 isFocused=false isInteractive=false isVisible=false isVisibleRequested=false isTopActivityNoDisplay=false isSleeping=false locusId=null displayAreaFeatureId=1 isTopActivityTransparent=false isActivityStackTransparent=true lastNonFullscreenBounds=Rect(54, 54 - 330, 330) leafTaskBoundsFromOptions= false capturedLink=null capturedLinkTimestamp=0 requestedVisibleTypes=503 topActivityRequestOpenInBrowserEducationTimestamp=0 appCompatTaskInfo=AppCompatTaskInfo { topActivityInSizeCompat=false isLeafTask= true eligibleForLetterboxEducation= false isLetterboxEducationEnabled= false isLetterboxDoubleTapEnabled= false eligibleForUserAspectRatioButton= false topActivityBoundsLetterboxed= false isFromLetterboxDoubleTap= false topActivityLetterboxVerticalPosition= -1 topActivityLetterboxHorizontalPosition= -1 topActivityLetterboxWidth=-1 topActivityLetterboxHeight=-1 topActivityAppBounds=Rect(0, 0 - 0, 0) isUserFullscreenOverrideEnabled=false isSystemFullscreenOverrideEnabled=false hasMinAspectRatioOverride=false topActivityLetterboxBounds=null topNonResizableActivityAspectRatio=-1.0} topActivityMainWindowFrame=null isAppBubble=false}
09-12 00:11:54.146  9632  9930 W SysUI   : [RecentTasksLauncherRepo]getRecentApps matched task with the only Launcher in the package TaskInfo{userId=0 taskId=1369 effectiveUid=10194 displayId=-1 isRunning=false baseIntent=Intent { flg=0x10000000 cmp=com.poc.ipcprobe/.SystemBinderProbe } baseActivity=null topActivity=null origActivity=null realActivity=ComponentInfo{com.poc.ipcprobe/com.poc.ipcprobe.SystemBinderProbe} realActivityIsAppLockEnabled=false numActivities=0 lastActiveTime=129779419 supportsMultiWindow=false supportsMultiWindowWithoutConstraints=false resizeMode=1 isResizeable=true minWidth=-1 minHeight=-1 defaultMinSize=220 token=WCT{android.os.BinderProxy@c134b4c} topActivityType=0 pictureInPictureParams=null shouldDockBigOverlays=false launchIntoPipHostTaskId=-1 lastParentTaskIdBeforePip=-1 displayCutoutSafeInsets=Rect(0, 0 - 0, 0) topActivityInfo=null launchCookies=[] positionInParent=Point(0, 0) parentTaskId=-1 isFocused=false isInteractive=false isVisible=false isVisibleRequested=false isTopActivityNoDisplay=false isSleeping=false locusId=null displayAreaFeatureId=1 isTopActivityTransparent=false isActivityStackTransparent=true lastNonFullscreenBounds=Rect(54, 54 - 330, 330) leafTaskBoundsFromOptions= false capturedLink=null capturedLinkTimestamp=0 requestedVisibleTypes=503 topActivityRequestOpenInBrowserEducationTimestamp=0 appCompatTaskInfo=AppCompatTaskInfo { topActivityInSizeCompat=false isLeafTask= true eligibleForLetterboxEducation= false isLetterboxEducationEnabled= false isLetterboxDoubleTapEnabled= false eligibleForUserAspectRatioButton= false topActivityBoundsLetterboxed= false isFromLetterboxDoubleTap= false topActivityLetterboxVerticalPosition= -1 topActivityLetterboxHorizontalPosition= -1 topActivityLetterboxWidth=-1 topActivityLetterboxHeight=-1 topActivityAppBounds=Rect(0, 0 - 0, 0) isUserFullscreenOverrideEnabled=false isSystemFullscreenOverrideEnabled=false hasMinAspectRatioOverride=false topActivityLetterboxBounds=null topNonResizableActivityAspectRatio=-1.0} topActivityMainWindowFrame=null isAppBubble=false} == ActivityLauncherApp(label=IPCProbe, activity=ComponentInfo{com.poc.ipcprobe/com.poc.ipcprobe.IPCProbe}, launcherIconRequest=AllAppsLauncherIconRequest(packageName=com.poc.ipcprobe, activityName=com.poc.ipcprobe.IPCProbe, isDefaultApp=false), loadLauncherIcon=ioi@a3ce811)
09-12 00:11:54.149  9632  9930 E SysUI   : [RecentTaskLauncherApp]Couldn't resolve any Activity for task TaskInfo{userId=0 taskId=1342 effectiveUid=10053 displayId=-1 isRunning=false baseIntent=Intent { flg=0x10000000 cmp=com.android.providers.calendar/.CalendarDebugActivity } baseActivity=null topActivity=null origActivity=null realActivity=ComponentInfo{com.android.providers.calendar/com.android.providers.calendar.CalendarDebugActivity} realActivityIsAppLockEnabled=false numActivities=0 lastActiveTime=129779417 supportsMultiWindow=false supportsMultiWindowWithoutConstraints=false resizeMode=1 isResizeable=true minWidth=-1 minHeight=-1 defaultMinSize=220 token=WCT{android.os.BinderProxy@ecdb7e4} topActivityType=0 pictureInPictureParams=null shouldDockBigOverlays=false launchIntoPipHostTaskId=-1 lastParentTaskIdBeforePip=-1 displayCutoutSafeInsets=Rect(0, 0 - 0, 0) topActivityInfo=null launchCookies=[] positionInParent=Point(0, 0) parentTaskId=-1 isFocused=false isInteractive=false isVisible=false isVisibleRequested=false isTopActivityNoDisplay=false isSleeping=false locusId=null displayAreaFeatureId=1 isTopActivityTransparent=false isActivityStackTransparent=true lastNonFullscreenBounds=Rect(54, 54 - 330, 330) leafTaskBoundsFromOptions= false capturedLink=null capturedLinkTimestamp=0 requestedVisibleTypes=503 topActivityRequestOpenInBrowserEducationTimestamp=0 appCompatTaskInfo=AppCompatTaskInfo { topActivityInSizeCompat=false isLeafTask= true eligibleForLetterboxEducation= false isLetterboxEducationEnabled= false isLetterboxDoubleTapEnabled= false eligibleForUserAspectRatioButton= false topActivityBoundsLetterboxed= false isFromLetterboxDoubleTap= false topActivityLetterboxVerticalPosition= -1 topActivityLetterboxHorizontalPosition= -1 topActivityLetterboxWidth=-1 topActivityLetterboxHeight=-1 topActivityAppBounds=Rect(0, 0 - 0, 0) isUserFullscreenOverrideEnabled=false isSystemFullscreenOverrideEnabled=false hasMinAspectRatioOverride=false topActivityLetterboxBounds=null topNonResizableActivityAspectRatio=-1.0} topActivityMainWindowFrame=null isAppBubble=false}
09-12 00:11:54.149  9632  9930 W SysUI   : [RecentTasksLauncherRepo]Using explicit label and icon from base Activity ComponentInfo{com.android.providers.calendar/com.android.providers.calendar.CalendarDebugActivity}
09-12 00:11:54.149  9632  9930 W SysUI   : [RecentTasksLauncherRepo]getRecentApps matched with a Launcher Activity in the task TaskInfo{userId=0 taskId=1340 effectiveUid=10178 displayId=-1 isRunning=false baseIntent=Intent { flg=0x10000000 cmp=com.poc.compprobe/.CompProbe } baseActivity=null topActivity=null origActivity=null realActivity=ComponentInfo{com.poc.compprobe/com.poc.compprobe.CompProbe} realActivityIsAppLockEnabled=false numActivities=0 lastActiveTime=129779416 supportsMultiWindow=false supportsMultiWindowWithoutConstraints=false resizeMode=1 isResizeable=true minWidth=-1 minHeight=-1 defaultMinSize=220 token=WCT{android.os.BinderProxy@5a5754e} topActivityType=0 pictureInPictureParams=null shouldDockBigOverlays=false launchIntoPipHostTaskId=-1 lastParentTaskIdBeforePip=-1 displayCutoutSafeInsets=Rect(0, 0 - 0, 0) topActivityInfo=null launchCookies=[] positionInParent=Point(0, 0) parentTaskId=-1 isFocused=false isInteractive=false isVisible=false isVisibleRequested=false isTopActivityNoDisplay=false isSleeping=false locusId=null displayAreaFeatureId=1 isTopActivityTransparent=false isActivityStackTransparent=true lastNonFullscreenBounds=Rect(54, 54 - 330, 330) leafTaskBoundsFromOptions= false capturedLink=null capturedLinkTimestamp=0 requestedVisibleTypes=503 topActivityRequestOpenInBrowserEducationTimestamp=0 appCompatTaskInfo=AppCompatTaskInfo { topActivityInSizeCompat=false isLeafTask= true eligibleForLetterboxEducation= false isLetterboxEducationEnabled= false isLetterboxDoubleTapEnabled= false eligibleForUserAspectRatioButton= false topActivityBoundsLetterboxed= false isFromLetterboxDoubleTap= false topActivityLetterboxVerticalPosition= -1 topActivityLetterboxHorizontalPosition= -1 topActivityLetterboxWidth=-1 topActivityLetterboxHeight=-1 topActivityAppBounds=Rect(0, 0 - 0, 0) isUserFullscreenOverrideEnabled=false isSystemFullscreenOverrideEnabled=false hasMinAspectRatioOverride=false topActivityLetterboxBounds=null topNonResizableActivityAspectRatio=-1.0} topActivityMainWindowFrame=null isAppBubble=false} == ActivityLauncherApp(label=CompProbe, activity=ComponentInfo{com.poc.compprobe/com.poc.compprobe.CompProbe}, launcherIconRequest=AllAppsLauncherIconRequest(packageName=com.poc.compprobe, activityName=com.poc.compprobe.CompProbe, isDefaultApp=false), loadLauncherIcon=ioi@984e66f)
09-12 00:11:54.150  9632  9930 E SysUI   : [RecentTaskLauncherApp]Couldn't resolve any Activity for task TaskInfo{userId=0 taskId=1336 effectiveUid=10180 displayId=-1 isRunning=false baseIntent=Intent { flg=0x10000000 cmp=com.poc.datalayer/.DataLayerHighImpact } baseActivity=null topActivity=null origActivity=null realActivity=ComponentInfo{com.poc.datalayer/com.poc.datalayer.DataLayerHighImpact} realActivityIsAppLockEnabled=false numActivities=0 lastActiveTime=129779415 supportsMultiWindow=false supportsMultiWindowWithoutConstraints=false resizeMode=1 isResizeable=true minWidth=-1 minHeight=-1 defaultMinSize=220 token=WCT{android.os.BinderProxy@4a61f7c} topActivityType=0 pictureInPictureParams=null shouldDockBigOverlays=false launchIntoPipHostTaskId=-1 lastParentTaskIdBeforePip=-1 displayCutoutSafeInsets=Rect(0, 0 - 0, 0) topActivityInfo=null launchCookies=[] positionInParent=Point(0, 0) parentTaskId=-1 isFocused=false isInteractive=false isVisible=false isVisibleRequested=false isTopActivityNoDisplay=false isSleeping=false locusId=null displayAreaFeatureId=1 isTopActivityTransparent=false isActivityStackTransparent=true lastNonFullscreenBounds=Rect(54, 54 - 330, 330) leafTaskBoundsFromOptions= false capturedLink=null capturedLinkTimestamp=0 requestedVisibleTypes=503 topActivityRequestOpenInBrowserEducationTimestamp=0 appCompatTaskInfo=AppCompatTaskInfo { topActivityInSizeCompat=false isLeafTask= true eligibleForLetterboxEducation= false isLetterboxEducationEnabled= false isLetterboxDoubleTapEnabled= false eligibleForUserAspectRatioButton= false topActivityBoundsLetterboxed= false isFromLetterboxDoubleTap= false topActivityLetterboxVerticalPosition= -1 topActivityLetterboxHorizontalPosition= -1 topActivityLetterboxWidth=-1 topActivityLetterboxHeight=-1 topActivityAppBounds=Rect(0, 0 - 0, 0) isUserFullscreenOverrideEnabled=false isSystemFullscreenOverrideEnabled=false hasMinAspectRatioOverride=false topActivityLetterboxBounds=null topNonResizableActivityAspectRatio=-1.0} topActivityMainWindowFrame=null isAppBubble=false}
09-12 00:11:54.150  9632  9930 W SysUI   : [RecentTasksLauncherRepo]getRecentApps matched task with the only Launcher in the package TaskInfo{userId=0 taskId=1336 effectiveUid=10180 displayId=-1 isRunning=false baseIntent=Intent { flg=0x10000000 cmp=com.poc.datalayer/.DataLayerHighImpact } baseActivity=null topActivity=null origActivity=null realActivity=ComponentInfo{com.poc.datalayer/com.poc.datalayer.DataLayerHighImpact} realActivityIsAppLockEnabled=false numActivities=0 lastActiveTime=129779415 supportsMultiWindow=false supportsMultiWindowWithoutConstraints=false resizeMode=1 isResizeable=true minWidth=-1 minHeight=-1 defaultMinSize=220 token=WCT{android.os.BinderProxy@4a61f7c} topActivityType=0 pictureInPictureParams=null shouldDockBigOverlays=false launchIntoPipHostTaskId=-1 lastParentTaskIdBeforePip=-1 displayCutoutSafeInsets=Rect(0, 0 - 0, 0) topActivityInfo=null launchCookies=[] positionInParent=Point(0, 0) parentTaskId=-1 isFocused=false isInteractive=false isVisible=false isVisibleRequested=false isTopActivityNoDisplay=false isSleeping=false locusId=null displayAreaFeatureId=1 isTopActivityTransparent=false isActivityStackTransparent=true lastNonFullscreenBounds=Rect(54, 54 - 330, 330) leafTaskBoundsFromOptions= false capturedLink=null capturedLinkTimestamp=0 requestedVisibleTypes=503 topActivityRequestOpenInBrowserEducationTimestamp=0 appCompatTaskInfo=AppCompatTaskInfo { topActivityInSizeCompat=false isLeafTask= true eligibleForLetterboxEducation= false isLetterboxEducationEnabled= false isLetterboxDoubleTapEnabled= false eligibleForUserAspectRatioButton= false topActivityBoundsLetterboxed= false isFromLetterboxDoubleTap= false topActivityLetterboxVerticalPosition= -1 topActivityLetterboxHorizontalPosition= -1 topActivityLetterboxWidth=-1 topActivityLetterboxHeight=-1 topActivityAppBounds=Rect(0, 0 - 0, 0) isUserFullscreenOverrideEnabled=false isSystemFullscreenOverrideEnabled=false hasMinAspectRatioOverride=false topActivityLetterboxBounds=null topNonResizableActivityAspectRatio=-1.0} topActivityMainWindowFrame=null isAppBubble=false} == ActivityLauncherApp(label=DL Probe, activity=ComponentInfo{com.poc.datalayer/com.poc.datalayer.DataLayerProbe}, launcherIconRequest=AllAppsLauncherIconRequest(packageName=com.poc.datalayer, activityName=com.poc.datalayer.DataLayerProbe, isDefaultApp=false), loadLauncherIcon=ioi@316f781)
09-12 00:11:54.150  9632  9930 E SysUI   : [RecentTaskLauncherApp]Couldn't resolve any Activity for task TaskInfo{userId=0 taskId=1334 effectiveUid=10044 displayId=-1 isRunning=false baseIntent=Intent { act=com.android.providers.contacts.DUMP_DATABASE flg=0x10000000 cmp=com.android.providers.contacts/.debug.ContactsDumpActivity } baseActivity=null topActivity=null origActivity=null realActivity=ComponentInfo{com.android.providers.contacts/com.android.providers.contacts.debug.ContactsDumpActivity} realActivityIsAppLockEnabled=false numActivities=0 lastActiveTime=129779414 supportsMultiWindow=false supportsMultiWindowWithoutConstraints=false resizeMode=1 isResizeable=true minWidth=-1 minHeight=-1 defaultMinSize=220 token=WCT{android.os.BinderProxy@acd3467} topActivityType=0 pictureInPictureParams=null shouldDockBigOverlays=false launchIntoPipHostTaskId=-1 lastParentTaskIdBeforePip=-1 displayCutoutSafeInsets=Rect(0, 0 - 0, 0) topActivityInfo=null launchCookies=[] positionInParent=Point(0, 0) parentTaskId=-1 isFocused=false isInteractive=false isVisible=false isVisibleRequested=false isTopActivityNoDisplay=false isSleeping=false locusId=null displayAreaFeatureId=1 isTopActivityTransparent=false isActivityStackTransparent=true lastNonFullscreenBounds=Rect(54, 54 - 330, 330) leafTaskBoundsFromOptions= false capturedLink=null capturedLinkTimestamp=0 requestedVisibleTypes=503 topActivityRequestOpenInBrowserEducationTimestamp=0 appCompatTaskInfo=AppCompatTaskInfo { topActivityInSizeCompat=false isLeafTask= true eligibleForLetterboxEducation= false isLetterboxEducationEnabled= false isLetterboxDoubleTapEnabled= false eligibleForUserAspectRatioButton= false topActivityBoundsLetterboxed= false isFromLetterboxDoubleTap= false topActivityLetterboxVerticalPosition= -1 topActivityLetterboxHorizontalPosition= -1 topActivityLetterboxWidth=-1 topActivityLetterboxHeight=-1 topActivityAppBounds=Rect(0, 0 - 0, 0) isUserFullscreenOverrideEnabled=false isSystemFullscreenOverrideEnabled=false hasMinAspectRatioOverride=false topActivityLetterboxBounds=null topNonResizableActivityAspectRatio=-1.0} topActivityMainWindowFrame=null isAppBubble=false}
09-12 00:11:54.150  9632  9930 W SysUI   : [RecentTasksLauncherRepo]Using explicit label and icon from base Activity ComponentInfo{com.android.providers.contacts/com.android.providers.contacts.debug.ContactsDumpActivity}
09-12 00:11:54.151  9632  9930 W SysUI   : [RecentTasksLauncherRepo]getRecentApps matched with a Launcher Activity in the task TaskInfo{userId=0 taskId=1333 effectiveUid=10156 displayId=-1 isRunning=false baseIntent=Intent { flg=0x10000000 cmp=com.poc.remoteintent/.RemoteActivity } baseActivity=null topActivity=null origActivity=null realActivity=ComponentInfo{com.poc.remoteintent/com.poc.remoteintent.RemoteActivity} realActivityIsAppLockEnabled=false numActivities=0 lastActiveTime=129779413 supportsMultiWindow=false supportsMultiWindowWithoutConstraints=false resizeMode=1 isResizeable=true minWidth=-1 minHeight=-1 defaultMinSize=220 token=WCT{android.os.BinderProxy@fde065c} topActivityType=0 pictureInPictureParams=null shouldDockBigOverlays=false launchIntoPipHostTaskId=-1 lastParentTaskIdBeforePip=-1 displayCutoutSafeInsets=Rect(0, 0 - 0, 0) topActivityInfo=null launchCookies=[] positionInParent=Point(0, 0) parentTaskId=-1 isFocused=false isInteractive=false isVisible=false isVisibleRequested=false isTopActivityNoDisplay=false isSleeping=false locusId=null displayAreaFeatureId=1 isTopActivityTransparent=false isActivityStackTransparent=true lastNonFullscreenBounds=Rect(54, 54 - 330, 330) leafTaskBoundsFromOptions= false capturedLink=null capturedLinkTimestamp=0 requestedVisibleTypes=503 topActivityRequestOpenInBrowserEducationTimestamp=0 appCompatTaskInfo=AppCompatTaskInfo { topActivityInSizeCompat=false isLeafTask= true eligibleForLetterboxEducation= false isLetterboxEducationEnabled= false isLetterboxDoubleTapEnabled= false eligibleForUserAspectRatioButton= false topActivityBoundsLetterboxed= false isFromLetterboxDoubleTap= false topActivityLetterboxVerticalPosition= -1 topActivityLetterboxHorizontalPosition= -1 topActivityLetterboxWidth=-1 topActivityLetterboxHeight=-1 topActivityAppBounds=Rect(0, 0 - 0, 0) isUserFullscreenOverrideEnabled=false isSystemFullscreenOverrideEnabled=false hasMinAspectRatioOverride=false topActivityLetterboxBounds=null topNonResizableActivityAspectRatio=-1.0} topActivityMainWindowFrame=null isAppBubble=false} == ActivityLauncherApp(label=RemoteTest, activity=ComponentInfo{com.poc.remoteintent/com.poc.remoteintent.RemoteActivity}, launcherIconRequest=AllAppsLauncherIconRequest(packageName=com.poc.remoteintent, activityName=com.poc.remoteintent.RemoteActivity, isDefaultApp=false), loadLauncherIcon=ioi@e96986)
09-12 00:11:54.161  9193  9193 D AudioFlinger: onStateChanged: pid:11183  uid:10049  state:unfrozen - no freeze activity
09-12 00:11:54.172 11452 11452 D nativeloader: Configuring clns-6 for other apk /data/app/~~CKc2dbx9BzJc6Xf25CDybg==/com.poc.healthprobe-xtIMEdPqJvw789I9TxYIsg==/base.apk. target_sdk_version=35, uses_libraries=, library_path=/data/app/~~CKc2dbx9BzJc6Xf25CDybg==/com.poc.healthprobe-xtIMEdPqJvw789I9TxYIsg==/lib/arm, permitted_path=/data:/mnt/expand:/data/user/0/com.poc.healthprobe
09-12 00:11:54.174 11452 11452 D CompatChangeReporter: Compat change id reported: 202956589; UID 10191; state: ENABLED
09-12 00:11:54.179 11452 11452 W poc.healthprobe: Monitor::Inflate: Install failed 0x7353d798
09-12 00:11:54.180  9812  9918 I Surface : Creating surface for consumer unnamed-9812-3 with slotExpansion=1 for 64 slots
09-12 00:11:54.201 11452 11452 V GraphicsEnvironment: Currently set values for:
09-12 00:11:54.201 11452 11452 V GraphicsEnvironment:   angle_gl_driver_selection_pkgs=[]
09-12 00:11:54.201 11452 11452 V GraphicsEnvironment:   angle_gl_driver_selection_values=[]
09-12 00:11:54.201 11452 11452 V GraphicsEnvironment: com.poc.healthprobe is not listed in per-application setting
09-12 00:11:54.202  9812  9918 I Surface : Creating surface for consumer VRI[healthprobe]#3(BLAST Consumer)3 with slotExpansion=1 for 64 slots
09-12 00:11:54.205 11452 11452 V GraphicsEnvironment: No special selections for ANGLE, returning default driver choice
09-12 00:11:54.206 11452 11452 V GraphicsEnvironment: Neither updatable production driver nor prerelease driver is supported.
09-12 00:11:54.231 10169 10335 I Euicc   : Send request to SM-DP+: host=lpa.ds.gsma.com, path=/gsma/rsp2/es9plus/initiateAuthentication, request={"euiccChallenge":"00ssZdYUK5Wtw8UvLKlL+g==","euiccInfo1":"vyA1ggMCAgKpFgQUgTcPUSXQsdQI1MOyMubSXnlb6\/uqFgQUgTcPUSXQsdQI1MOyMubSXnlb6\/s=","smdpAddress":"lpa.ds.gsma.com"}
09-12 00:11:54.241 10475 10716 D nativeloader: Load /data/app/~~aOoJR2UYZubKB2q6Cr3OTA==/com.google.android.wearable.assistant-clsKf4NpOHAhj6CwzaeYnw==/split_config.armeabi_v7a.apk!/lib/armeabi-v7a/libsoda_jni_wearos.so using class loader ns clns-7 (caller=/data/app/~~aOoJR2UYZubKB2q6Cr3OTA==/com.google.android.wearable.assistant-clsKf4NpOHAhj6CwzaeYnw==/base.apk!classes2.dex): ok
09-12 00:11:54.247   516 20516 I SnapAlloc: Using graphics libs for alignment calculations
09-12 00:11:54.249   516 20516 D SnapAlloc: from handle - reserved size 4052679016 custom content metadata size 0
09-12 00:11:54.249   516 20516 D SnapAlloc: Successfully mapped metadata 0x1
09-12 00:11:54.249   516 20516 D SnapAlloc: from handle - reserved size 0 custom content metadata size 0
09-12 00:11:54.250   516 20516 D SnapAlloc: Successfully mapped metadata 0x1
09-12 00:11:54.251 10475 10716 I native  : I0000 00:00:1789152114.248455   10716 soda_async_impl.cc:347] Setting malloc delay time to 0.
09-12 00:11:54.251 11143 11153 W .android.dialer: Suspending all threads took: 13.686ms
09-12 00:11:54.251 10475 10716 I native  : I0000 00:00:1789152114.251700   10716 soda_async_impl.cc:353] Creating soda_impl.
09-12 00:11:54.252 11183 11447 D AudioSystem: getService: IAudioFlingerService retrieved: 0xe33844e0  IAudioFlinger cached: 0xe3388060
09-12 00:11:54.254 11138 11357 I WCS     : [WCSConsentFetcher]GMS consent flow used
09-12 00:11:54.255  9812 11469 D SnapAlloc: from handle - reserved size 0 custom content metadata size 0
09-12 00:11:54.259  9812 11469 D SnapAlloc: Successfully mapped metadata 0x1
09-12 00:11:54.259   516 20516 I SnapAlloc: Using graphics libs for alignment calculations
09-12 00:11:54.260   516 20516 D SnapAlloc: from handle - reserved size 4052679016 custom content metadata size 0
09-12 00:11:54.260   516 20516 D SnapAlloc: Successfully mapped metadata 0x1
09-12 00:11:54.260   516 20516 D SnapAlloc: from handle - reserved size 0 custom content metadata size 0
09-12 00:11:54.260   516 20516 D SnapAlloc: Successfully mapped metadata 0x1
09-12 00:11:54.264  9812 11469 D SnapAlloc: from handle - reserved size 0 custom content metadata size 0
09-12 00:11:54.266  9812 11469 D SnapAlloc: Successfully mapped metadata 0x1
09-12 00:11:54.266   516 20516 I SnapAlloc: Using graphics libs for alignment calculations
09-12 00:11:54.268   516 20516 D SnapAlloc: from handle - reserved size 4052679016 custom content metadata size 0
09-12 00:11:54.268   516 20516 D SnapAlloc: Successfully mapped metadata 0x1
09-12 00:11:54.268   516 20516 D SnapAlloc: from handle - reserved size 0 custom content metadata size 0
09-12 00:11:54.268   516 20516 D SnapAlloc: Successfully mapped metadata 0x1
09-12 00:11:54.271  9812 11469 D SnapAlloc: from handle - reserved size 0 custom content metadata size 0
09-12 00:11:54.272  9812 11469 D SnapAlloc: Successfully mapped metadata 0x1
09-12 00:11:54.273   516 20516 I SnapAlloc: Using graphics libs for alignment calculations
09-12 00:11:54.274   516 20516 D SnapAlloc: from handle - reserved size 4052679016 custom content metadata size 0
09-12 00:11:54.274   516 20516 D SnapAlloc: Successfully mapped metadata 0x1
09-12 00:11:54.274   516 20516 D SnapAlloc: from handle - reserved size 0 custom content metadata size 0
09-12 00:11:54.274   516 20516 D SnapAlloc: Successfully mapped metadata 0x1
09-12 00:11:54.276  9812 11469 D SnapAlloc: from handle - reserved size 0 custom content metadata size 0
09-12 00:11:54.277  9812 11469 D SnapAlloc: Successfully mapped metadata 0x1
09-12 00:11:54.288 11452 11472 I DisplayManager: Choreographer implicitly registered for the refresh rate.
09-12 00:11:54.293 11452 11472 I AdrenoGLES-0: QUALCOMM build                   : 3656bb992e, I0abb6f342e
09-12 00:11:54.293 11452 11472 I AdrenoGLES-0: Build Date                       : 09/08/25
09-12 00:11:54.293 11452 11472 I AdrenoGLES-0: OpenGL ES Shader Compiler Version: E031.47.18.42
09-12 00:11:54.293 11452 11472 I AdrenoGLES-0: Local Branch                     : 
09-12 00:11:54.293 11452 11472 I AdrenoGLES-0: Remote Branch                    : refs/tags/AU_LINUX_ANDROID_LA.VENDOR.15.4.1.11.00.00.1186.254
09-12 00:11:54.293 11452 11472 I AdrenoGLES-0: Remote Branch                    : NONE
09-12 00:11:54.293 11452 11472 I AdrenoGLES-0: Reconstruct Branch               : NOTHING
09-12 00:11:54.293 11452 11472 I AdrenoGLES-0: Build Config                     : S P 18.0.0 AArch32
09-12 00:11:54.293 11452 11472 I AdrenoGLES-0: Driver Path                      : /vendor/lib/egl/libGLESv2_adreno.so
09-12 00:11:54.293 11452 11472 I AdrenoGLES-0: Driver Version                   : 0800.56
09-12 00:11:54.293 11452 11472 I AdrenoGLES-0: Process Name                     : com.poc.healthprobe
09-12 00:11:54.300 11452 11472 D qdgralloc: Fetching IMapper5 from QtiMapper5
09-12 00:11:54.309 11452 11472 I SnapAlloc: UBWC is disabled
09-12 00:11:54.310 11452 11472 I SnapAlloc: Graphics lib is available
09-12 00:11:54.311 11452 11472 W SnapAlloc: Camera lib is not available - read json file
09-12 00:11:54.313 10614 10627 W it.FitbitMobile: Suspending all threads took: 171.952ms
09-12 00:11:54.320 11452 11472 I AdrenoGLES-0: PFP: 0x017aa048, ME: 0x00000000
09-12 00:11:54.321  9812  9812 I DisplayOffloadManager: updateTopActivity: taskId = 1371; activityToFront=ComponentInfo{com.google.android.wearable.sysui/com.google.android.clockwork.sysui.experiences.charging.ui.composable.ChargingComposeActivity}
09-12 00:11:54.329  9670  9674 W gle.android.gms: Suspending all threads took: 61.663ms
09-12 00:11:54.331  9324 10724 D DisplayOffload: updateTopTask: taskId=1371; activityToFront=ComponentInfo{com.google.android.wearable.sysui/com.google.android.clockwork.sysui.experiences.charging.ui.composable.ChargingComposeActivity}
09-12 00:11:54.405  9670 10003 I AlarmManager: setExactAndAllowWhileIdle [name: GCM_HB_ALARM type: 2 triggerAtMillis: 130397135]
09-12 00:11:54.411 10562 10847 I ModeSyncController: PDMS.modeSyncEnabled: false, isTetheredRestricted: false
09-12 00:11:54.419 10562 10847 I ModeSyncController: PDMS.ModeSync active criteria met: false
09-12 00:11:54.419 10562 10847 I ModeSyncController: PDMS.Mode synchronizer already inactive.
09-12 00:11:54.435 11452 11452 E MODE_CRASH: === ModeManager Crash PoC Phase 1 ===
09-12 00:11:54.435 11183 11338 I native  : I0000 00:00:1789152114.435550   11338 android_resource_loader.cc:100] Built resource disambiguation_rules
09-12 00:11:54.435 11183 11338 I native  : I0000 00:00:1789152114.435744   11338 android_resource_loader.cc:116] Loaded resource:disambiguation_rules
09-12 00:11:54.435 11452 11452 E MODE_CRASH: UID=10191
09-12 00:11:54.435 11183 11338 I native  : I0000 00:00:1789152114.435819   11338 data_source.cc:95] Opening data source "/data/user_de/0/com.google.android.tts/files/superpacks/en-us/en-us-x-multi-wear-r7/engine_config_en_us_x_embedded_valerian_vocoded_wear.pb" (as: FILE) ...
09-12 00:11:54.445 11183 11338 I native  : I0000 00:00:1789152114.445605   11338 data_source.cc:99] ... Opened data source "/data/user_de/0/com.google.android.tts/files/superpacks/en-us/en-us-x-multi-wear-r7/engine_config_en_us_x_embedded_valerian_vocoded_wear.pb" of size 54
09-12 00:11:54.449 11452 11452 D CompatChangeReporter: Compat change id reported: 309578419; UID 10191; state: ENABLED
09-12 00:11:54.453 11183 11338 I native  : I0000 00:00:1789152114.453573   11338 android_resource_loader.cc:100] Built resource engine_config
09-12 00:11:54.453 11183 11338 I native  : I0000 00:00:1789152114.453895   11338 android_resource_loader.cc:116] Loaded resource:engine_config
09-12 00:11:54.454 11183 11338 I native  : I0000 00:00:1789152114.454160   11338 android_resource_loader.cc:100] Built resource guided_synthesis
09-12 00:11:54.457 11183 11338 I native  : I0000 00:00:1789152114.457080   11338 android_resource_loader.cc:116] Loaded resource:guided_synthesis
09-12 00:11:54.458 11452 11484 E MODE_CRASH: iface=com.android.clockwork.modes.IModeManager
09-12 00:11:54.458 11452 11484 E MODE_CRASH: --- txn 1 ---
09-12 00:11:54.459 11183 11338 I native  : I0000 00:00:1789152114.459445   11338 data_source.cc:95] Opening data source "/data/user_de/0/com.google.android.tts/files/superpacks/en-us/en-us-x-multi-wear-r7/mapping_grammar_en.far" (as: FILE) ...
09-12 00:11:54.465 11183 11338 I native  : I0000 00:00:1789152114.465719   11338 data_source.cc:99] ... Opened data source "/data/user_de/0/com.google.android.tts/files/superpacks/en-us/en-us-x-multi-wear-r7/mapping_grammar_en.far" of size 863
09-12 00:11:54.473 11183 11338 I native  : I0000 00:00:1789152114.473424   11338 android_resource_loader.cc:100] Built resource homograph_mapping_grammar
09-12 00:11:54.477  9324  9336 W system_server: Suspending all threads took: 143.016ms
09-12 00:11:54.482 11183 11338 I native  : I0000 00:00:1789152114.482189   11338 android_resource_loader.cc:116] Loaded resource:homograph_mapping_grammar
09-12 00:11:54.482 11183 11338 I native  : I0000 00:00:1789152114.482381   11338 data_source.cc:95] Opening data source "/data/user_de/0/com.google.android.tts/files/superpacks/en-us/en-us-x-multi-wear-r7/lettuce_model.fb" (as: MEMORY) ...
09-12 00:11:54.482 11183 11338 I native  : I0000 00:00:1789152114.482570   11338 data_source.cc:99] ... Opened data source "/data/user_de/0/com.google.android.tts/files/superpacks/en-us/en-us-x-multi-wear-r7/lettuce_model.fb" of size 1824328
09-12 00:11:54.498 11183 11338 I native  : I0000 00:00:1789152114.498161   11338 android_resource_loader.cc:100] Built resource lettuce_model_resource
09-12 00:11:54.512 11183 11338 I native  : I0000 00:00:1789152114.512642   11338 android_resource_loader.cc:116] Loaded resource:lettuce_model_resource
09-12 00:11:54.513 11183 11338 I native  : I0000 00:00:1789152114.512979   11338 android_resource_loader.cc:100] Built resource lettuce_model_scorer
09-12 00:11:54.518   515   637 D SnapAlloc: from handle - reserved size 0 custom content metadata size 0
09-12 00:11:54.518   515   637 D SnapAlloc: Successfully mapped metadata 0x1
09-12 00:11:54.520 11183 11338 I native  : I0000 00:00:1789152114.520405   11338 android_resource_loader.cc:116] Loaded resource:lettuce_model_scorer
09-12 00:11:54.525 11183 11338 I native  : I0000 00:00:1789152114.525564   11338 data_source.cc:95] Opening data source "/data/user_de/0/com.google.android.tts/files/superpacks/en-us/en-us-x-multi-wear-r7/lettuce_classify_embedded_us_generated_android.far" (as: FILE) ...
09-12 00:11:54.529  9970  9984 V PixelWatchSettingsProvider: 1001 already set to false; ignored
09-12 00:11:54.530  1248  1248 I adbd    : adbd service requested 'shell,v2,TERM=xterm-256color:export ANDROID_LOG_TAGS=''; exec logcat '-d''
09-12 00:11:54.542 11183 11338 I native  : I0000 00:00:1789152114.542394   11338 data_source.cc:99] ... Opened data source "/data/user_de/0/com.google.android.tts/files/superpacks/en-us/en-us-x-multi-wear-r7/lettuce_classify_embedded_us_generated_android.far" of size 2905609
09-12 00:11:54.569 11038 11052 I SettingsObserver: Read 50 DataItems on startup
09-12 00:11:54.576 11038 11052 I NotificationLog: Checking for updates: plugin_id='2', time='2026-09-12T00:11:54.574+0530', origin='EXPLICIT_CALL', reason='TaskChangeNotification'.
09-12 00:11:54.583  9970  9979 V PixelWatchSettingsProvider: 1004 already set to false; ignored
09-12 00:11:54.593  9197  9223 D Diag_Lib: diag: Diag_LSM_Init: invoked for pid: 9197 with init_count: 0
09-12 00:11:54.603  9197  9223 D Diag_Lib: diag:failed to connect to diag socket
09-12 00:11:54.604  9197  9223 D Diag_Lib:  Diag_LSM_Init: Failed to open handle to diag driver, error = 111
09-12 00:11:54.605  9197  9223 I ATS     : vendor/qcom/sw5100-lw4/proprietary-audio/args/acdb/ats/transports/diag/linux/actp/src/actp.c:actp_diag_init:105 Error[1]: Failed to initialize DIAG
09-12 00:11:54.605  9197  9223 E ATS     : vendor/qcom/sw5100-lw4/proprietary-audio/args/acdb/ats/src/ats.c:ats_init:143 Error[1]: Failed to initialize Diag
09-12 00:11:54.605  9197  9223 E ATS     : vendor/qcom/sw5100-lw4/proprietary-audio/args/acdb/ats/src/ats.c:ats_init:263 Error[1]: Failed to initialize ATS
09-12 00:11:54.605  9197  9223 E AGM: API: ats_init_thread: 64 ats_init failed retry 92 err 1
09-12 00:11:54.609 11038 11052 I SettingsUpdater: Settings updated
09-12 00:11:54.613  9670 11208 V datatransport: doInitialDataSync: node=6efd13d9, peer=96eb2ede, sendingSyncStart=receivedSeqId=412889, syncTable={(cloud:93393),(96eb2ede:412889),(mig::6efd13d9:9d6dc6db:25278),(6efd13d9:328103)}, version=2, restrictions=[]
09-12 00:11:54.646  9654  9767 I WearServices: [DynamicRingerWriter]Writing disableDynamicRinger status = 'true', DR feature enabled[true], OnBody[false], PluggedIn[false], PowerSaveMode[false]
09-12 00:11:54.653  9654  9665 E WearServices: [TapToWakeModule#onEnable_setLocalCapabilityEnabled]Failed to enable Tap to Wake capability.
09-12 00:11:54.653  9654  9665 E WearServices: com.google.common.util.concurrent.UncheckedExecutionException: com.google.android.gms.common.api.ApiException: 4006: DUPLICATE_CAPABILITY
09-12 00:11:54.653  9654  9665 E WearServices: 	at com.google.common.util.concurrent.Futures.getUnchecked(go/retraceme 70d7290c06ecd7036d4c88cd79b0822e07343b7251d29d9eb53cf044b5e160a8:27)
09-12 00:11:54.653  9654  9665 E WearServices: 	at com.google.android.clockwork.common.concurrent.AbstractCwFutureListener.run(go/retraceme 70d7290c06ecd7036d4c88cd79b0822e07343b7251d29d9eb53cf044b5e160a8:13)
09-12 00:11:54.653  9654  9665 E WearServices: 	at com.google.common.util.concurrent.DirectExecutor.execute(go/retraceme 70d7290c06ecd7036d4c88cd79b0822e07343b7251d29d9eb53cf044b5e160a8:0)
09-12 00:11:54.653  9654  9665 E WearServices: 	at com.google.common.util.concurrent.AbstractFuture.executeListener(go/retraceme 70d7290c06ecd7036d4c88cd79b0822e07343b7251d29d9eb53cf044b5e160a8:0)
09-12 00:11:54.653  9654  9665 E WearServices: 	at com.google.common.util.concurrent.AbstractFuture.complete(go/retraceme 70d7290c06ecd7036d4c88cd79b0822e07343b7251d29d9eb53cf044b5e160a8:92)
09-12 00:11:54.653  9654  9665 E WearServices: 	at com.google.common.util.concurrent.AbstractFuture.setException(go/retraceme 70d7290c06ecd7036d4c88cd79b0822e07343b7251d29d9eb53cf044b5e160a8:20)
09-12 00:11:54.653  9654  9665 E WearServices: 	at com.google.wear.services.infra.gcore.util.TaskFutures$$ExternalSyntheticLambda0.onComplete(go/retraceme 70d7290c06ecd7036d4c88cd79b0822e07343b7251d29d9eb53cf044b5e160a8:31)
09-12 00:11:54.653  9654  9665 E WearServices: 	at com.google.android.gms.tasks.zzi.run(go/retraceme 70d7290c06ecd7036d4c88cd79b0822e07343b7251d29d9eb53cf044b5e160a8:11)
09-12 00:11:54.653  9654  9665 E WearServices: 	at com.google.common.util.concurrent.DirectExecutor.execute(go/retraceme 70d7290c06ecd7036d4c88cd79b0822e07343b7251d29d9eb53cf044b5e160a8:0)
09-12 00:11:54.653  9654  9665 E WearServices: 	at com.google.android.gms.tasks.zzj.zzd(go/retraceme 70d7290c06ecd7036d4c88cd79b0822e07343b7251d29d9eb53cf044b5e160a8:26)
09-12 00:11:54.653  9654  9665 E WearServices: 	at com.google.android.gms.tasks.zzr.zzb(go/retraceme 70d7290c06ecd7036d4c88cd79b0822e07343b7251d29d9eb53cf044b5e160a8:37)
09-12 00:11:54.653  9654  9665 E WearServices: 	at com.google.android.gms.tasks.zzw.zza(go/retraceme 70d7290c06ecd7036d4c88cd79b0822e07343b7251d29d9eb53cf044b5e160a8:19)
09-12 00:11:54.653  9654  9665 E WearServices: 	at com.google.android.gms.tasks.TaskCompletionSource.setException(go/retraceme 70d7290c06ecd7036d4c88cd79b0822e07343b7251d29d9eb53cf044b5e160a8:2)
09-12 00:11:54.653  9654  9665 E WearServices: 	at com.google.android.gms.common.internal.zzbf.onComplete(go/retraceme 70d7290c06ecd7036d4c88cd79b0822e07343b7251d29d9eb53cf044b5e160a8:71)
09-12 00:11:54.653  9654  9665 E WearServices: 	at com.google.android.gms.common.api.internal.BasePendingResult.zzb(go/retraceme 70d7290c06ecd7036d4c88cd79b0822e07343b7251d29d9eb53cf044b5e160a8:84)
09-12 00:11:54.653  9654  9665 E WearServices: 	at com.google.android.gms.common.api.internal.BasePendingResult.setResult(go/retraceme 70d7290c06ecd7036d4c88cd79b0822e07343b7251d29d9eb53cf044b5e160a8:34)
09-12 00:11:54.653  9654  9665 E WearServices: 	at com.google.android.gms.wearable.internal.zzaw.setResult(go/retraceme 70d7290c06ecd7036d4c88cd79b0822e07343b7251d29d9eb53cf044b5e160a8:2)
09-12 00:11:54.653  9654  9665 E WearServices: 	at com.google.android.gms.wearable.internal.zzqv.zzR(go/retraceme 70d7290c06ecd7036d4c88cd79b0822e07343b7251d29d9eb53cf044b5e160a8:4)
09-12 00:11:54.653  9654  9665 E WearServices: 	at com.google.android.gms.wearable.internal.zzqu.zza(go/retraceme 70d7290c06ecd7036d4c88cd79b0822e07343b7251d29d9eb53cf044b5e160a8:11)
09-12 00:11:54.653  9654  9665 E WearServices: 	at com.google.android.gms.wearable.internal.zza.dispatchTransaction(go/retraceme 70d7290c06ecd7036d4c88cd79b0822e07343b7251d29d9eb53cf044b5e160a8:295)
09-12 00:11:54.653  9654  9665 E WearServices: 	at com.google.android.gms.internal.zzbnk.onTransact(go/retraceme 70d7290c06ecd7036d4c88cd79b0822e07343b7251d29d9eb53cf044b5e160a8:20)
09-12 00:11:54.653  9654  9665 E WearServices: 	at android.os.Binder.execTransactInternal(Binder.java:1364)
09-12 00:11:54.653  9654  9665 E WearServices: 	at android.os.Binder.execTransact(Binder.java:1323)
09-12 00:11:54.653  9654  9665 E WearServices: Caused by: com.google.android.gms.common.api.ApiException: 4006: DUPLICATE_CAPABILITY
09-12 00:11:54.653  9654  9665 E WearServices: 	at com.google.android.gms.common.internal.ApiExceptionUtil.fromStatus(go/retraceme 70d7290c06ecd7036d4c88cd79b0822e07343b7251d29d9eb53cf044b5e160a8:12)
09-12 00:11:54.653  9654  9665 E WearServices: 	at com.google.android.gms.common.internal.zzbf.onComplete(go/retraceme 70d7290c06ecd7036d4c88cd79b0822e07343b7251d29d9eb53cf044b5e160a8:67)
09-12 00:11:54.653  9654  9665 E WearServices: 	... 9 more
